Archive member included to satisfy reference by file (symbol)

c:/intelfpga_lite/20.1/nios2eds/bin/gnu/h-x86_64-mingw32/bin/../lib/gcc/nios2-elf/10.1.1/mno-hw-mul\libgcc.a(lib2-divmod.o)
                              obj/default/hello_world_small.o (__udivsi3)
c:/quartus_embebidos/Embebidos.Project2/software/alarm_bsp/\libhal_bsp.a(alt_load.o)
                              c:/quartus_embebidos/Embebidos.Project2/software/alarm_bsp//obj/HAL/src/crt0.o (alt_load)
c:/quartus_embebidos/Embebidos.Project2/software/alarm_bsp/\libhal_bsp.a(alt_main.o)
                              c:/quartus_embebidos/Embebidos.Project2/software/alarm_bsp//obj/HAL/src/crt0.o (alt_main)
c:/quartus_embebidos/Embebidos.Project2/software/alarm_bsp/\libhal_bsp.a(alt_printf.o)
                              obj/default/hello_world_small.o (alt_printf)
c:/quartus_embebidos/Embebidos.Project2/software/alarm_bsp/\libhal_bsp.a(alt_putchar.o)
                              c:/quartus_embebidos/Embebidos.Project2/software/alarm_bsp/\libhal_bsp.a(alt_printf.o) (alt_putchar)
c:/quartus_embebidos/Embebidos.Project2/software/alarm_bsp/\libhal_bsp.a(alt_putstr.o)
                              obj/default/hello_world_small.o (alt_putstr)
c:/quartus_embebidos/Embebidos.Project2/software/alarm_bsp/\libhal_bsp.a(alt_sys_init.o)
                              c:/quartus_embebidos/Embebidos.Project2/software/alarm_bsp/\libhal_bsp.a(alt_main.o) (alt_irq_init)
c:/quartus_embebidos/Embebidos.Project2/software/alarm_bsp/\libhal_bsp.a(altera_avalon_jtag_uart_write.o)
                              c:/quartus_embebidos/Embebidos.Project2/software/alarm_bsp/\libhal_bsp.a(alt_putchar.o) (altera_avalon_jtag_uart_write)
c:/quartus_embebidos/Embebidos.Project2/software/alarm_bsp/\libhal_bsp.a(alt_dcache_flush_all.o)
                              c:/quartus_embebidos/Embebidos.Project2/software/alarm_bsp/\libhal_bsp.a(alt_load.o) (alt_dcache_flush_all)
c:/quartus_embebidos/Embebidos.Project2/software/alarm_bsp/\libhal_bsp.a(alt_icache_flush_all.o)
                              c:/quartus_embebidos/Embebidos.Project2/software/alarm_bsp/\libhal_bsp.a(alt_load.o) (alt_icache_flush_all)
c:/quartus_embebidos/Embebidos.Project2/software/alarm_bsp/\libhal_bsp.a(altera_nios2_gen2_irq.o)
                              c:/quartus_embebidos/Embebidos.Project2/software/alarm_bsp/\libhal_bsp.a(alt_sys_init.o) (altera_nios2_gen2_irq_init)
c:/intelfpga_lite/20.1/nios2eds/bin/gnu/h-x86_64-mingw32/bin/../lib/gcc/nios2-elf/10.1.1/../../../../../H-x86_64-mingw32/nios2-elf/lib/mno-hw-mul\libsmallc.a(lib_a-memcpy.o)
                              c:/quartus_embebidos/Embebidos.Project2/software/alarm_bsp/\libhal_bsp.a(alt_load.o) (memcpy)
c:/intelfpga_lite/20.1/nios2eds/bin/gnu/h-x86_64-mingw32/bin/../lib/gcc/nios2-elf/10.1.1/../../../../../H-x86_64-mingw32/nios2-elf/lib/mno-hw-mul\libsmallc.a(lib_a-strlen.o)
                              c:/quartus_embebidos/Embebidos.Project2/software/alarm_bsp/\libhal_bsp.a(alt_putstr.o) (strlen)

Memory Configuration

Name             Origin             Length             Attributes
reset            0x0000000000002000 0x0000000000000020
RAM              0x0000000000002020 0x0000000000001fe0
*default*        0x0000000000000000 0xffffffffffffffff

Linker script and memory map

LOAD c:/quartus_embebidos/Embebidos.Project2/software/alarm_bsp//obj/HAL/src/crt0.o
LOAD obj/default/hello_world_small.o
LOAD c:/intelfpga_lite/20.1/nios2eds/bin/gnu/h-x86_64-mingw32/bin/../lib/gcc/nios2-elf/10.1.1/../../../../../H-x86_64-mingw32/nios2-elf/lib/mno-hw-mul\libstdc++.a
LOAD c:/intelfpga_lite/20.1/nios2eds/bin/gnu/h-x86_64-mingw32/bin/../lib/gcc/nios2-elf/10.1.1/../../../../../H-x86_64-mingw32/nios2-elf/lib/mno-hw-mul\libm.a
LOAD c:/intelfpga_lite/20.1/nios2eds/bin/gnu/h-x86_64-mingw32/bin/../lib/gcc/nios2-elf/10.1.1/mno-hw-mul\libgcc.a
START GROUP
LOAD c:/intelfpga_lite/20.1/nios2eds/bin/gnu/h-x86_64-mingw32/bin/../lib/gcc/nios2-elf/10.1.1/../../../../../H-x86_64-mingw32/nios2-elf/lib/mno-hw-mul\libsmallc.a
LOAD c:/intelfpga_lite/20.1/nios2eds/bin/gnu/h-x86_64-mingw32/bin/../lib/gcc/nios2-elf/10.1.1/mno-hw-mul\libgcc.a
LOAD c:/quartus_embebidos/Embebidos.Project2/software/alarm_bsp/\libhal_bsp.a
LOAD c:/intelfpga_lite/20.1/nios2eds/bin/gnu/h-x86_64-mingw32/bin/../lib/gcc/nios2-elf/10.1.1/../../../../../H-x86_64-mingw32/nios2-elf/lib/mno-hw-mul\libm.a
END GROUP
LOAD c:/intelfpga_lite/20.1/nios2eds/bin/gnu/h-x86_64-mingw32/bin/../lib/gcc/nios2-elf/10.1.1/mno-hw-mul\libgcc.a
                0x0000000000002000                __alt_mem_RAM = 0x2000

.entry          0x0000000000002000       0x20
 *(.entry)
 .entry         0x0000000000002000       0x20 c:/quartus_embebidos/Embebidos.Project2/software/alarm_bsp//obj/HAL/src/crt0.o
                0x0000000000002000                __reset
                0x000000000000200c                _exit

.exceptions     0x0000000000002020        0x0
                0x0000000000002020                PROVIDE (__ram_exceptions_start = ABSOLUTE (.))
                0x0000000000002020                . = ALIGN (0x20)
 *(.irq)
 *(.exceptions.entry.label)
 *(.exceptions.entry.user)
 *(.exceptions.entry.ecc_fatal)
 *(.exceptions.entry)
 *(.exceptions.irqtest.user)
 *(.exceptions.irqtest)
 *(.exceptions.irqhandler.user)
 *(.exceptions.irqhandler)
 *(.exceptions.irqreturn.user)
 *(.exceptions.irqreturn)
 *(.exceptions.notirq.label)
 *(.exceptions.notirq.user)
 *(.exceptions.notirq)
 *(.exceptions.soft.user)
 *(.exceptions.soft)
 *(.exceptions.unknown.user)
 *(.exceptions.unknown)
 *(.exceptions.exit.label)
 *(.exceptions.exit.user)
 *(.exceptions.exit)
 *(.exceptions)
                0x0000000000002020                PROVIDE (__ram_exceptions_end = ABSOLUTE (.))
                0x0000000000002020                PROVIDE (__flash_exceptions_start = LOADADDR (.exceptions))

.text           0x0000000000002020      0xbcc
                [!provide]                        PROVIDE (stext = ABSOLUTE (.))
 *(.interp)
 *(.hash)
 *(.dynsym)
 *(.dynstr)
 *(.gnu.version)
 *(.gnu.version_d)
 *(.gnu.version_r)
 *(.rel.init)
 *(.rela.init)
 *(.rel.text .rel.text.* .rel.gnu.linkonce.t.*)
 *(.rela.text .rela.text.* .rela.gnu.linkonce.t.*)
 *(.rel.fini)
 *(.rela.fini)
 *(.rel.rodata .rel.rodata.* .rel.gnu.linkonce.r.*)
 *(.rela.rodata .rela.rodata.* .rela.gnu.linkonce.r.*)
 *(.rel.data .rel.data.* .rel.gnu.linkonce.d.*)
 *(.rela.data .rela.data.* .rela.gnu.linkonce.d.*)
 *(.rel.tdata .rel.tdata.* .rel.gnu.linkonce.td.*)
 *(.rela.tdata .rela.tdata.* .rela.gnu.linkonce.td.*)
 *(.rel.tbss .rel.tbss.* .rel.gnu.linkonce.tb.*)
 *(.rela.tbss .rela.tbss.* .rela.gnu.linkonce.tb.*)
 *(.rel.ctors)
 *(.rela.ctors)
 *(.rel.dtors)
 *(.rela.dtors)
 *(.rel.got)
 *(.rela.got)
 *(.rel.sdata .rel.sdata.* .rel.gnu.linkonce.s.*)
 *(.rela.sdata .rela.sdata.* .rela.gnu.linkonce.s.*)
 *(.rel.sbss .rel.sbss.* .rel.gnu.linkonce.sb.*)
 *(.rela.sbss .rela.sbss.* .rela.gnu.linkonce.sb.*)
 *(.rel.sdata2 .rel.sdata2.* .rel.gnu.linkonce.s2.*)
 *(.rela.sdata2 .rela.sdata2.* .rela.gnu.linkonce.s2.*)
 *(.rel.sbss2 .rel.sbss2.* .rel.gnu.linkonce.sb2.*)
 *(.rela.sbss2 .rela.sbss2.* .rela.gnu.linkonce.sb2.*)
 *(.rel.bss .rel.bss.* .rel.gnu.linkonce.b.*)
 *(.rela.bss .rela.bss.* .rela.gnu.linkonce.b.*)
 *(.rel.plt)
 *(.rela.plt)
 *(.rel.dyn)
 *(.init)
 *(.plt)
 *(.text .stub .text.* .gnu.linkonce.t.*)
 .text          0x0000000000002020       0x3c c:/quartus_embebidos/Embebidos.Project2/software/alarm_bsp//obj/HAL/src/crt0.o
                0x0000000000002020                _start
 .text          0x000000000000205c      0x56c obj/default/hello_world_small.o
                0x00000000000021c8                irq_handler
                0x0000000000002228                alt_irq_register
                0x00000000000022b8                numberToSeg7
                0x0000000000002350                set_value
                0x00000000000023bc                add_second
                0x0000000000002420                display_hour
                0x000000000000258c                init_values
 .text.startup  0x00000000000025c8      0x154 obj/default/hello_world_small.o
                0x00000000000025c8                main
 .text          0x000000000000271c      0x1b4 c:/intelfpga_lite/20.1/nios2eds/bin/gnu/h-x86_64-mingw32/bin/../lib/gcc/nios2-elf/10.1.1/mno-hw-mul\libgcc.a(lib2-divmod.o)
                0x000000000000271c                __divsi3
                0x000000000000279c                __modsi3
                0x0000000000002810                __udivsi3
                0x0000000000002874                __umodsi3
 .text          0x00000000000028d0       0x84 c:/quartus_embebidos/Embebidos.Project2/software/alarm_bsp/\libhal_bsp.a(alt_load.o)
                0x00000000000028d0                alt_load
 .text          0x0000000000002954       0x2c c:/quartus_embebidos/Embebidos.Project2/software/alarm_bsp/\libhal_bsp.a(alt_main.o)
                0x0000000000002954                alt_main
 .text          0x0000000000002980      0x140 c:/quartus_embebidos/Embebidos.Project2/software/alarm_bsp/\libhal_bsp.a(alt_printf.o)
                0x0000000000002980                alt_printf
 .text          0x0000000000002ac0       0x4c c:/quartus_embebidos/Embebidos.Project2/software/alarm_bsp/\libhal_bsp.a(alt_putchar.o)
                0x0000000000002ac0                alt_putchar
 .text          0x0000000000002b0c       0x38 c:/quartus_embebidos/Embebidos.Project2/software/alarm_bsp/\libhal_bsp.a(alt_putstr.o)
                0x0000000000002b0c                alt_putstr
 .text          0x0000000000002b44       0x24 c:/quartus_embebidos/Embebidos.Project2/software/alarm_bsp/\libhal_bsp.a(alt_sys_init.o)
                0x0000000000002b44                alt_irq_init
                0x0000000000002b64                alt_sys_init
 .text          0x0000000000002b68       0x30 c:/quartus_embebidos/Embebidos.Project2/software/alarm_bsp/\libhal_bsp.a(altera_avalon_jtag_uart_write.o)
                0x0000000000002b68                altera_avalon_jtag_uart_write
 .text          0x0000000000002b98        0x4 c:/quartus_embebidos/Embebidos.Project2/software/alarm_bsp/\libhal_bsp.a(alt_dcache_flush_all.o)
                0x0000000000002b98                alt_dcache_flush_all
 .text          0x0000000000002b9c        0x4 c:/quartus_embebidos/Embebidos.Project2/software/alarm_bsp/\libhal_bsp.a(alt_icache_flush_all.o)
                0x0000000000002b9c                alt_icache_flush_all
 .text          0x0000000000002ba0        0x8 c:/quartus_embebidos/Embebidos.Project2/software/alarm_bsp/\libhal_bsp.a(altera_nios2_gen2_irq.o)
                0x0000000000002ba0                altera_nios2_gen2_irq_init
 .text          0x0000000000002ba8        0x0 c:/intelfpga_lite/20.1/nios2eds/bin/gnu/h-x86_64-mingw32/bin/../lib/gcc/nios2-elf/10.1.1/../../../../../H-x86_64-mingw32/nios2-elf/lib/mno-hw-mul\libsmallc.a(lib_a-memcpy.o)
 .text.memcpy   0x0000000000002ba8       0x28 c:/intelfpga_lite/20.1/nios2eds/bin/gnu/h-x86_64-mingw32/bin/../lib/gcc/nios2-elf/10.1.1/../../../../../H-x86_64-mingw32/nios2-elf/lib/mno-hw-mul\libsmallc.a(lib_a-memcpy.o)
                0x0000000000002ba8                memcpy
 .text          0x0000000000002bd0        0x0 c:/intelfpga_lite/20.1/nios2eds/bin/gnu/h-x86_64-mingw32/bin/../lib/gcc/nios2-elf/10.1.1/../../../../../H-x86_64-mingw32/nios2-elf/lib/mno-hw-mul\libsmallc.a(lib_a-strlen.o)
 .text.strlen   0x0000000000002bd0       0x1c c:/intelfpga_lite/20.1/nios2eds/bin/gnu/h-x86_64-mingw32/bin/../lib/gcc/nios2-elf/10.1.1/../../../../../H-x86_64-mingw32/nios2-elf/lib/mno-hw-mul\libsmallc.a(lib_a-strlen.o)
                0x0000000000002bd0                strlen
 *(.gnu.warning.*)
 *(.fini)
                [!provide]                        PROVIDE (__etext = ABSOLUTE (.))
                [!provide]                        PROVIDE (_etext = ABSOLUTE (.))
                [!provide]                        PROVIDE (etext = ABSOLUTE (.))
 *(.eh_frame_hdr)
                0x0000000000002bec                . = ALIGN (0x4)
                [!provide]                        PROVIDE (__preinit_array_start = ABSOLUTE (.))
 *(.preinit_array)
                [!provide]                        PROVIDE (__preinit_array_end = ABSOLUTE (.))
                [!provide]                        PROVIDE (__init_array_start = ABSOLUTE (.))
 *(.init_array)
                [!provide]                        PROVIDE (__init_array_end = ABSOLUTE (.))
                [!provide]                        PROVIDE (__fini_array_start = ABSOLUTE (.))
 *(.fini_array)
                [!provide]                        PROVIDE (__fini_array_end = ABSOLUTE (.))
 *(.eh_frame)
 *(.gcc_except_table .gcc_except_table.*)
 *(.dynamic)
                [!provide]                        PROVIDE (__CTOR_LIST__ = ABSOLUTE (.))
 *(.ctors)
 *(SORT_BY_NAME(.ctors.*))
                [!provide]                        PROVIDE (__CTOR_END__ = ABSOLUTE (.))
                [!provide]                        PROVIDE (__DTOR_LIST__ = ABSOLUTE (.))
 *(.dtors)
 *(SORT_BY_NAME(.dtors.*))
                [!provide]                        PROVIDE (__DTOR_END__ = ABSOLUTE (.))
 *(.jcr)
                0x0000000000002bec                . = ALIGN (0x4)

.rodata         0x0000000000002bec       0xa4
                0x0000000000002bec                PROVIDE (__ram_rodata_start = ABSOLUTE (.))
                0x0000000000002bec                . = ALIGN (0x4)
 *(.rodata .rodata.* .gnu.linkonce.r.*)
 .rodata.str1.4
                0x0000000000002bec       0xa4 obj/default/hello_world_small.o
 *(.rodata1)
                0x0000000000002c90                . = ALIGN (0x4)
                0x0000000000002c90                PROVIDE (__ram_rodata_end = ABSOLUTE (.))
                0x0000000000002bec                PROVIDE (__flash_rodata_start = LOADADDR (.rodata))

.rwdata         0x0000000000002c90       0x3c load address 0x0000000000002ccc
                0x0000000000002c90                PROVIDE (__ram_rwdata_start = ABSOLUTE (.))
                0x0000000000002c90                . = ALIGN (0x4)
 *(.got.plt)
 *(.got)
 *(.data1)
 *(.data .data.* .gnu.linkonce.d.*)
 .data          0x0000000000002c90        0x0 c:/quartus_embebidos/Embebidos.Project2/software/alarm_bsp//obj/HAL/src/crt0.o
 .data          0x0000000000002c90        0x0 obj/default/hello_world_small.o
 .data          0x0000000000002c90        0x0 c:/intelfpga_lite/20.1/nios2eds/bin/gnu/h-x86_64-mingw32/bin/../lib/gcc/nios2-elf/10.1.1/mno-hw-mul\libgcc.a(lib2-divmod.o)
 .data          0x0000000000002c90        0x0 c:/quartus_embebidos/Embebidos.Project2/software/alarm_bsp/\libhal_bsp.a(alt_load.o)
 .data          0x0000000000002c90        0x0 c:/quartus_embebidos/Embebidos.Project2/software/alarm_bsp/\libhal_bsp.a(alt_main.o)
 .data          0x0000000000002c90        0x0 c:/quartus_embebidos/Embebidos.Project2/software/alarm_bsp/\libhal_bsp.a(alt_printf.o)
 .data          0x0000000000002c90        0x0 c:/quartus_embebidos/Embebidos.Project2/software/alarm_bsp/\libhal_bsp.a(alt_putchar.o)
 .data          0x0000000000002c90        0x0 c:/quartus_embebidos/Embebidos.Project2/software/alarm_bsp/\libhal_bsp.a(alt_putstr.o)
 .data          0x0000000000002c90        0x0 c:/quartus_embebidos/Embebidos.Project2/software/alarm_bsp/\libhal_bsp.a(alt_sys_init.o)
 .data          0x0000000000002c90        0x0 c:/quartus_embebidos/Embebidos.Project2/software/alarm_bsp/\libhal_bsp.a(altera_avalon_jtag_uart_write.o)
 .data          0x0000000000002c90        0x0 c:/quartus_embebidos/Embebidos.Project2/software/alarm_bsp/\libhal_bsp.a(alt_dcache_flush_all.o)
 .data          0x0000000000002c90        0x0 c:/quartus_embebidos/Embebidos.Project2/software/alarm_bsp/\libhal_bsp.a(alt_icache_flush_all.o)
 .data          0x0000000000002c90        0x0 c:/quartus_embebidos/Embebidos.Project2/software/alarm_bsp/\libhal_bsp.a(altera_nios2_gen2_irq.o)
 .data          0x0000000000002c90        0x0 c:/intelfpga_lite/20.1/nios2eds/bin/gnu/h-x86_64-mingw32/bin/../lib/gcc/nios2-elf/10.1.1/../../../../../H-x86_64-mingw32/nios2-elf/lib/mno-hw-mul\libsmallc.a(lib_a-memcpy.o)
 .data          0x0000000000002c90        0x0 c:/intelfpga_lite/20.1/nios2eds/bin/gnu/h-x86_64-mingw32/bin/../lib/gcc/nios2-elf/10.1.1/../../../../../H-x86_64-mingw32/nios2-elf/lib/mno-hw-mul\libsmallc.a(lib_a-strlen.o)
                0x000000000000ac90                _gp = ABSOLUTE ((. + 0x8000))
                [!provide]                        PROVIDE (gp = _gp)
 *(.rwdata .rwdata.*)
 *(.sdata .sdata.* .gnu.linkonce.s.*)
 .sdata         0x0000000000002c90       0x38 obj/default/hello_world_small.o
                0x0000000000002c90                first
                0x0000000000002c92                time_unit_sel
                0x0000000000002c94                timer_base_ptr
                0x0000000000002c98                alarm_ptr
                0x0000000000002c9c                swc_alarm
                0x0000000000002ca0                swc_sel
                0x0000000000002ca4                down_ptr
                0x0000000000002ca8                up_ptr
                0x0000000000002cac                set_clock
                0x0000000000002cb0                s0_ptr
                0x0000000000002cb4                s1_ptr
                0x0000000000002cb8                m0_ptr
                0x0000000000002cbc                m1_ptr
                0x0000000000002cc0                h0_ptr
                0x0000000000002cc4                h1_ptr
 .sdata         0x0000000000002cc8        0x4 c:/quartus_embebidos/Embebidos.Project2/software/alarm_bsp/\libhal_bsp.a(alt_sys_init.o)
                0x0000000000002cc8                UART
 *(.sdata2 .sdata2.* .gnu.linkonce.s2.*)
                0x0000000000002ccc                . = ALIGN (0x4)
                0x0000000000002ccc                _edata = ABSOLUTE (.)
                [!provide]                        PROVIDE (edata = ABSOLUTE (.))
                0x0000000000002ccc                PROVIDE (__ram_rwdata_end = ABSOLUTE (.))
                0x0000000000002ccc                PROVIDE (__flash_rwdata_start = LOADADDR (.rwdata))

.bss            0x0000000000002d08      0x124
                0x0000000000002d08                __bss_start = ABSOLUTE (.)
                [!provide]                        PROVIDE (__sbss_start = ABSOLUTE (.))
                [!provide]                        PROVIDE (___sbss_start = ABSOLUTE (.))
 *(.dynsbss)
 *(.sbss .sbss.* .gnu.linkonce.sb.*)
 .sbss          0x0000000000002d08       0x18 obj/default/hello_world_small.o
                0x0000000000002d08                button_pressed
                0x0000000000002d09                set_pressed
                0x0000000000002d0a                down_pressed
                0x0000000000002d0b                up_pressed
                0x0000000000002d0c                ud_buttons_en
                0x0000000000002d0d                irqtimer_stall
                0x0000000000002d0e                is_activated
                0x0000000000002d10                hour
                0x0000000000002d16                alarm
                0x0000000000002d1c                alt_irq_active
 .sbss          0x0000000000002d20        0xc c:/quartus_embebidos/Embebidos.Project2/software/alarm_bsp/\libhal_bsp.a(alt_main.o)
                0x0000000000002d20                alt_envp
                0x0000000000002d24                alt_argv
                0x0000000000002d28                alt_argc
 *(.sbss2 .sbss2.* .gnu.linkonce.sb2.*)
 *(.scommon)
                [!provide]                        PROVIDE (__sbss_end = ABSOLUTE (.))
                [!provide]                        PROVIDE (___sbss_end = ABSOLUTE (.))
 *(.dynbss)
 *(.bss .bss.* .gnu.linkonce.b.*)
 .bss           0x0000000000002d2c        0x0 c:/quartus_embebidos/Embebidos.Project2/software/alarm_bsp//obj/HAL/src/crt0.o
 .bss           0x0000000000002d2c      0x100 obj/default/hello_world_small.o
                0x0000000000002d2c                alt_irq
 .bss           0x0000000000002e2c        0x0 c:/intelfpga_lite/20.1/nios2eds/bin/gnu/h-x86_64-mingw32/bin/../lib/gcc/nios2-elf/10.1.1/mno-hw-mul\libgcc.a(lib2-divmod.o)
 .bss           0x0000000000002e2c        0x0 c:/quartus_embebidos/Embebidos.Project2/software/alarm_bsp/\libhal_bsp.a(alt_load.o)
 .bss           0x0000000000002e2c        0x0 c:/quartus_embebidos/Embebidos.Project2/software/alarm_bsp/\libhal_bsp.a(alt_main.o)
 .bss           0x0000000000002e2c        0x0 c:/quartus_embebidos/Embebidos.Project2/software/alarm_bsp/\libhal_bsp.a(alt_printf.o)
 .bss           0x0000000000002e2c        0x0 c:/quartus_embebidos/Embebidos.Project2/software/alarm_bsp/\libhal_bsp.a(alt_putchar.o)
 .bss           0x0000000000002e2c        0x0 c:/quartus_embebidos/Embebidos.Project2/software/alarm_bsp/\libhal_bsp.a(alt_putstr.o)
 .bss           0x0000000000002e2c        0x0 c:/quartus_embebidos/Embebidos.Project2/software/alarm_bsp/\libhal_bsp.a(alt_sys_init.o)
 .bss           0x0000000000002e2c        0x0 c:/quartus_embebidos/Embebidos.Project2/software/alarm_bsp/\libhal_bsp.a(altera_avalon_jtag_uart_write.o)
 .bss           0x0000000000002e2c        0x0 c:/quartus_embebidos/Embebidos.Project2/software/alarm_bsp/\libhal_bsp.a(alt_dcache_flush_all.o)
 .bss           0x0000000000002e2c        0x0 c:/quartus_embebidos/Embebidos.Project2/software/alarm_bsp/\libhal_bsp.a(alt_icache_flush_all.o)
 .bss           0x0000000000002e2c        0x0 c:/quartus_embebidos/Embebidos.Project2/software/alarm_bsp/\libhal_bsp.a(altera_nios2_gen2_irq.o)
 .bss           0x0000000000002e2c        0x0 c:/intelfpga_lite/20.1/nios2eds/bin/gnu/h-x86_64-mingw32/bin/../lib/gcc/nios2-elf/10.1.1/../../../../../H-x86_64-mingw32/nios2-elf/lib/mno-hw-mul\libsmallc.a(lib_a-memcpy.o)
 .bss           0x0000000000002e2c        0x0 c:/intelfpga_lite/20.1/nios2eds/bin/gnu/h-x86_64-mingw32/bin/../lib/gcc/nios2-elf/10.1.1/../../../../../H-x86_64-mingw32/nios2-elf/lib/mno-hw-mul\libsmallc.a(lib_a-strlen.o)
 *(COMMON)
                0x0000000000002e2c                . = ALIGN (0x4)
                0x0000000000002e2c                __bss_end = ABSOLUTE (.)

.RAM            0x0000000000002e2c        0x0
                [!provide]                        PROVIDE (_alt_partition_RAM_start = ABSOLUTE (.))
 *(.RAM .RAM. RAM.*)
                0x0000000000002e2c                . = ALIGN (0x4)
                [!provide]                        PROVIDE (_alt_partition_RAM_end = ABSOLUTE (.))
                0x0000000000002e2c                _end = ABSOLUTE (.)
                0x0000000000002e2c                end = ABSOLUTE (.)
                0x0000000000002e2c                __alt_stack_base = ABSOLUTE (.)
                [!provide]                        PROVIDE (_alt_partition_RAM_load_addr = LOADADDR (.RAM))

.stab
 *(.stab)

.stabstr
 *(.stabstr)

.stab.excl
 *(.stab.excl)

.stab.exclstr
 *(.stab.exclstr)

.stab.index
 *(.stab.index)

.stab.indexstr
 *(.stab.indexstr)

.comment        0x0000000000000000       0x2d
 *(.comment)
 .comment       0x0000000000000000       0x2d obj/default/hello_world_small.o
                                         0x2e (size before relaxing)
 .comment       0x000000000000002d       0x2e c:/intelfpga_lite/20.1/nios2eds/bin/gnu/h-x86_64-mingw32/bin/../lib/gcc/nios2-elf/10.1.1/mno-hw-mul\libgcc.a(lib2-divmod.o)
 .comment       0x000000000000002d       0x2e c:/quartus_embebidos/Embebidos.Project2/software/alarm_bsp/\libhal_bsp.a(alt_load.o)
 .comment       0x000000000000002d       0x2e c:/quartus_embebidos/Embebidos.Project2/software/alarm_bsp/\libhal_bsp.a(alt_main.o)
 .comment       0x000000000000002d       0x2e c:/quartus_embebidos/Embebidos.Project2/software/alarm_bsp/\libhal_bsp.a(alt_printf.o)
 .comment       0x000000000000002d       0x2e c:/quartus_embebidos/Embebidos.Project2/software/alarm_bsp/\libhal_bsp.a(alt_putchar.o)
 .comment       0x000000000000002d       0x2e c:/quartus_embebidos/Embebidos.Project2/software/alarm_bsp/\libhal_bsp.a(alt_putstr.o)
 .comment       0x000000000000002d       0x2e c:/quartus_embebidos/Embebidos.Project2/software/alarm_bsp/\libhal_bsp.a(alt_sys_init.o)
 .comment       0x000000000000002d       0x2e c:/quartus_embebidos/Embebidos.Project2/software/alarm_bsp/\libhal_bsp.a(altera_avalon_jtag_uart_write.o)
 .comment       0x000000000000002d       0x2e c:/quartus_embebidos/Embebidos.Project2/software/alarm_bsp/\libhal_bsp.a(alt_dcache_flush_all.o)
 .comment       0x000000000000002d       0x2e c:/quartus_embebidos/Embebidos.Project2/software/alarm_bsp/\libhal_bsp.a(alt_icache_flush_all.o)
 .comment       0x000000000000002d       0x2e c:/quartus_embebidos/Embebidos.Project2/software/alarm_bsp/\libhal_bsp.a(altera_nios2_gen2_irq.o)
 .comment       0x000000000000002d       0x2e c:/intelfpga_lite/20.1/nios2eds/bin/gnu/h-x86_64-mingw32/bin/../lib/gcc/nios2-elf/10.1.1/../../../../../H-x86_64-mingw32/nios2-elf/lib/mno-hw-mul\libsmallc.a(lib_a-memcpy.o)
 .comment       0x000000000000002d       0x2e c:/intelfpga_lite/20.1/nios2eds/bin/gnu/h-x86_64-mingw32/bin/../lib/gcc/nios2-elf/10.1.1/../../../../../H-x86_64-mingw32/nios2-elf/lib/mno-hw-mul\libsmallc.a(lib_a-strlen.o)

.debug
 *(.debug)

.line
 *(.line)

.debug_srcinfo
 *(.debug_srcinfo)

.debug_sfnames
 *(.debug_sfnames)

.debug_aranges  0x0000000000000000      0x1f0
 *(.debug_aranges)
 .debug_aranges
                0x0000000000000000       0x28 c:/quartus_embebidos/Embebidos.Project2/software/alarm_bsp//obj/HAL/src/crt0.o
 .debug_aranges
                0x0000000000000028       0x28 obj/default/hello_world_small.o
 .debug_aranges
                0x0000000000000050       0x20 c:/intelfpga_lite/20.1/nios2eds/bin/gnu/h-x86_64-mingw32/bin/../lib/gcc/nios2-elf/10.1.1/mno-hw-mul\libgcc.a(lib2-divmod.o)
 .debug_aranges
                0x0000000000000070       0x20 c:/quartus_embebidos/Embebidos.Project2/software/alarm_bsp/\libhal_bsp.a(alt_load.o)
 .debug_aranges
                0x0000000000000090       0x20 c:/quartus_embebidos/Embebidos.Project2/software/alarm_bsp/\libhal_bsp.a(alt_main.o)
 .debug_aranges
                0x00000000000000b0       0x20 c:/quartus_embebidos/Embebidos.Project2/software/alarm_bsp/\libhal_bsp.a(alt_printf.o)
 .debug_aranges
                0x00000000000000d0       0x20 c:/quartus_embebidos/Embebidos.Project2/software/alarm_bsp/\libhal_bsp.a(alt_putchar.o)
 .debug_aranges
                0x00000000000000f0       0x20 c:/quartus_embebidos/Embebidos.Project2/software/alarm_bsp/\libhal_bsp.a(alt_putstr.o)
 .debug_aranges
                0x0000000000000110       0x20 c:/quartus_embebidos/Embebidos.Project2/software/alarm_bsp/\libhal_bsp.a(alt_sys_init.o)
 .debug_aranges
                0x0000000000000130       0x20 c:/quartus_embebidos/Embebidos.Project2/software/alarm_bsp/\libhal_bsp.a(altera_avalon_jtag_uart_write.o)
 .debug_aranges
                0x0000000000000150       0x20 c:/quartus_embebidos/Embebidos.Project2/software/alarm_bsp/\libhal_bsp.a(alt_dcache_flush_all.o)
 .debug_aranges
                0x0000000000000170       0x20 c:/quartus_embebidos/Embebidos.Project2/software/alarm_bsp/\libhal_bsp.a(alt_icache_flush_all.o)
 .debug_aranges
                0x0000000000000190       0x20 c:/quartus_embebidos/Embebidos.Project2/software/alarm_bsp/\libhal_bsp.a(altera_nios2_gen2_irq.o)
 .debug_aranges
                0x00000000000001b0       0x20 c:/intelfpga_lite/20.1/nios2eds/bin/gnu/h-x86_64-mingw32/bin/../lib/gcc/nios2-elf/10.1.1/../../../../../H-x86_64-mingw32/nios2-elf/lib/mno-hw-mul\libsmallc.a(lib_a-memcpy.o)
 .debug_aranges
                0x00000000000001d0       0x20 c:/intelfpga_lite/20.1/nios2eds/bin/gnu/h-x86_64-mingw32/bin/../lib/gcc/nios2-elf/10.1.1/../../../../../H-x86_64-mingw32/nios2-elf/lib/mno-hw-mul\libsmallc.a(lib_a-strlen.o)

.debug_pubnames
 *(.debug_pubnames)

.debug_info     0x0000000000000000     0x1e6a
 *(.debug_info .gnu.linkonce.wi.*)
 .debug_info    0x0000000000000000       0x22 c:/quartus_embebidos/Embebidos.Project2/software/alarm_bsp//obj/HAL/src/crt0.o
 .debug_info    0x0000000000000022      0xd7c obj/default/hello_world_small.o
 .debug_info    0x0000000000000d9e      0x368 c:/intelfpga_lite/20.1/nios2eds/bin/gnu/h-x86_64-mingw32/bin/../lib/gcc/nios2-elf/10.1.1/mno-hw-mul\libgcc.a(lib2-divmod.o)
 .debug_info    0x0000000000001106      0x267 c:/quartus_embebidos/Embebidos.Project2/software/alarm_bsp/\libhal_bsp.a(alt_load.o)
 .debug_info    0x000000000000136d      0x129 c:/quartus_embebidos/Embebidos.Project2/software/alarm_bsp/\libhal_bsp.a(alt_main.o)
 .debug_info    0x0000000000001496      0x170 c:/quartus_embebidos/Embebidos.Project2/software/alarm_bsp/\libhal_bsp.a(alt_printf.o)
 .debug_info    0x0000000000001606      0x122 c:/quartus_embebidos/Embebidos.Project2/software/alarm_bsp/\libhal_bsp.a(alt_putchar.o)
 .debug_info    0x0000000000001728      0x132 c:/quartus_embebidos/Embebidos.Project2/software/alarm_bsp/\libhal_bsp.a(alt_putstr.o)
 .debug_info    0x000000000000185a      0x12a c:/quartus_embebidos/Embebidos.Project2/software/alarm_bsp/\libhal_bsp.a(alt_sys_init.o)
 .debug_info    0x0000000000001984      0x14a c:/quartus_embebidos/Embebidos.Project2/software/alarm_bsp/\libhal_bsp.a(altera_avalon_jtag_uart_write.o)
 .debug_info    0x0000000000001ace       0x8c c:/quartus_embebidos/Embebidos.Project2/software/alarm_bsp/\libhal_bsp.a(alt_dcache_flush_all.o)
 .debug_info    0x0000000000001b5a       0x8c c:/quartus_embebidos/Embebidos.Project2/software/alarm_bsp/\libhal_bsp.a(alt_icache_flush_all.o)
 .debug_info    0x0000000000001be6       0x8c c:/quartus_embebidos/Embebidos.Project2/software/alarm_bsp/\libhal_bsp.a(altera_nios2_gen2_irq.o)
 .debug_info    0x0000000000001c72      0x128 c:/intelfpga_lite/20.1/nios2eds/bin/gnu/h-x86_64-mingw32/bin/../lib/gcc/nios2-elf/10.1.1/../../../../../H-x86_64-mingw32/nios2-elf/lib/mno-hw-mul\libsmallc.a(lib_a-memcpy.o)
 .debug_info    0x0000000000001d9a       0xd0 c:/intelfpga_lite/20.1/nios2eds/bin/gnu/h-x86_64-mingw32/bin/../lib/gcc/nios2-elf/10.1.1/../../../../../H-x86_64-mingw32/nios2-elf/lib/mno-hw-mul\libsmallc.a(lib_a-strlen.o)

.debug_abbrev   0x0000000000000000      0xdc8
 *(.debug_abbrev)
 .debug_abbrev  0x0000000000000000       0x12 c:/quartus_embebidos/Embebidos.Project2/software/alarm_bsp//obj/HAL/src/crt0.o
 .debug_abbrev  0x0000000000000012      0x3fd obj/default/hello_world_small.o
 .debug_abbrev  0x000000000000040f      0x103 c:/intelfpga_lite/20.1/nios2eds/bin/gnu/h-x86_64-mingw32/bin/../lib/gcc/nios2-elf/10.1.1/mno-hw-mul\libgcc.a(lib2-divmod.o)
 .debug_abbrev  0x0000000000000512      0x125 c:/quartus_embebidos/Embebidos.Project2/software/alarm_bsp/\libhal_bsp.a(alt_load.o)
 .debug_abbrev  0x0000000000000637       0xba c:/quartus_embebidos/Embebidos.Project2/software/alarm_bsp/\libhal_bsp.a(alt_main.o)
 .debug_abbrev  0x00000000000006f1      0x10a c:/quartus_embebidos/Embebidos.Project2/software/alarm_bsp/\libhal_bsp.a(alt_printf.o)
 .debug_abbrev  0x00000000000007fb       0xe1 c:/quartus_embebidos/Embebidos.Project2/software/alarm_bsp/\libhal_bsp.a(alt_putchar.o)
 .debug_abbrev  0x00000000000008dc       0xe0 c:/quartus_embebidos/Embebidos.Project2/software/alarm_bsp/\libhal_bsp.a(alt_putstr.o)
 .debug_abbrev  0x00000000000009bc      0x10b c:/quartus_embebidos/Embebidos.Project2/software/alarm_bsp/\libhal_bsp.a(alt_sys_init.o)
 .debug_abbrev  0x0000000000000ac7       0xea c:/quartus_embebidos/Embebidos.Project2/software/alarm_bsp/\libhal_bsp.a(altera_avalon_jtag_uart_write.o)
 .debug_abbrev  0x0000000000000bb1       0x44 c:/quartus_embebidos/Embebidos.Project2/software/alarm_bsp/\libhal_bsp.a(alt_dcache_flush_all.o)
 .debug_abbrev  0x0000000000000bf5       0x44 c:/quartus_embebidos/Embebidos.Project2/software/alarm_bsp/\libhal_bsp.a(alt_icache_flush_all.o)
 .debug_abbrev  0x0000000000000c39       0x44 c:/quartus_embebidos/Embebidos.Project2/software/alarm_bsp/\libhal_bsp.a(altera_nios2_gen2_irq.o)
 .debug_abbrev  0x0000000000000c7d       0xbe c:/intelfpga_lite/20.1/nios2eds/bin/gnu/h-x86_64-mingw32/bin/../lib/gcc/nios2-elf/10.1.1/../../../../../H-x86_64-mingw32/nios2-elf/lib/mno-hw-mul\libsmallc.a(lib_a-memcpy.o)
 .debug_abbrev  0x0000000000000d3b       0x8d c:/intelfpga_lite/20.1/nios2eds/bin/gnu/h-x86_64-mingw32/bin/../lib/gcc/nios2-elf/10.1.1/../../../../../H-x86_64-mingw32/nios2-elf/lib/mno-hw-mul\libsmallc.a(lib_a-strlen.o)

.debug_line     0x0000000000000000     0x18cf
 *(.debug_line)
 .debug_line    0x0000000000000000       0x66 c:/quartus_embebidos/Embebidos.Project2/software/alarm_bsp//obj/HAL/src/crt0.o
 .debug_line    0x0000000000000066      0xaaa obj/default/hello_world_small.o
 .debug_line    0x0000000000000b10      0x306 c:/intelfpga_lite/20.1/nios2eds/bin/gnu/h-x86_64-mingw32/bin/../lib/gcc/nios2-elf/10.1.1/mno-hw-mul\libgcc.a(lib2-divmod.o)
 .debug_line    0x0000000000000e16      0x101 c:/quartus_embebidos/Embebidos.Project2/software/alarm_bsp/\libhal_bsp.a(alt_load.o)
 .debug_line    0x0000000000000f17       0xe0 c:/quartus_embebidos/Embebidos.Project2/software/alarm_bsp/\libhal_bsp.a(alt_main.o)
 .debug_line    0x0000000000000ff7      0x1e6 c:/quartus_embebidos/Embebidos.Project2/software/alarm_bsp/\libhal_bsp.a(alt_printf.o)
 .debug_line    0x00000000000011dd       0x7d c:/quartus_embebidos/Embebidos.Project2/software/alarm_bsp/\libhal_bsp.a(alt_putchar.o)
 .debug_line    0x000000000000125a       0xb9 c:/quartus_embebidos/Embebidos.Project2/software/alarm_bsp/\libhal_bsp.a(alt_putstr.o)
 .debug_line    0x0000000000001313       0xde c:/quartus_embebidos/Embebidos.Project2/software/alarm_bsp/\libhal_bsp.a(alt_sys_init.o)
 .debug_line    0x00000000000013f1       0xd6 c:/quartus_embebidos/Embebidos.Project2/software/alarm_bsp/\libhal_bsp.a(altera_avalon_jtag_uart_write.o)
 .debug_line    0x00000000000014c7       0x53 c:/quartus_embebidos/Embebidos.Project2/software/alarm_bsp/\libhal_bsp.a(alt_dcache_flush_all.o)
 .debug_line    0x000000000000151a       0x51 c:/quartus_embebidos/Embebidos.Project2/software/alarm_bsp/\libhal_bsp.a(alt_icache_flush_all.o)
 .debug_line    0x000000000000156b       0x5a c:/quartus_embebidos/Embebidos.Project2/software/alarm_bsp/\libhal_bsp.a(altera_nios2_gen2_irq.o)
 .debug_line    0x00000000000015c5      0x18d c:/intelfpga_lite/20.1/nios2eds/bin/gnu/h-x86_64-mingw32/bin/../lib/gcc/nios2-elf/10.1.1/../../../../../H-x86_64-mingw32/nios2-elf/lib/mno-hw-mul\libsmallc.a(lib_a-memcpy.o)
 .debug_line    0x0000000000001752      0x17d c:/intelfpga_lite/20.1/nios2eds/bin/gnu/h-x86_64-mingw32/bin/../lib/gcc/nios2-elf/10.1.1/../../../../../H-x86_64-mingw32/nios2-elf/lib/mno-hw-mul\libsmallc.a(lib_a-strlen.o)

.debug_frame    0x0000000000000000      0x39c
 *(.debug_frame)
 .debug_frame   0x0000000000000000      0x154 obj/default/hello_world_small.o
 .debug_frame   0x0000000000000154       0x50 c:/intelfpga_lite/20.1/nios2eds/bin/gnu/h-x86_64-mingw32/bin/../lib/gcc/nios2-elf/10.1.1/mno-hw-mul\libgcc.a(lib2-divmod.o)
 .debug_frame   0x00000000000001a4       0x2c c:/quartus_embebidos/Embebidos.Project2/software/alarm_bsp/\libhal_bsp.a(alt_load.o)
 .debug_frame   0x00000000000001d0       0x2c c:/quartus_embebidos/Embebidos.Project2/software/alarm_bsp/\libhal_bsp.a(alt_main.o)
 .debug_frame   0x00000000000001fc       0x44 c:/quartus_embebidos/Embebidos.Project2/software/alarm_bsp/\libhal_bsp.a(alt_printf.o)
 .debug_frame   0x0000000000000240       0x30 c:/quartus_embebidos/Embebidos.Project2/software/alarm_bsp/\libhal_bsp.a(alt_putchar.o)
 .debug_frame   0x0000000000000270       0x30 c:/quartus_embebidos/Embebidos.Project2/software/alarm_bsp/\libhal_bsp.a(alt_putstr.o)
 .debug_frame   0x00000000000002a0       0x3c c:/quartus_embebidos/Embebidos.Project2/software/alarm_bsp/\libhal_bsp.a(alt_sys_init.o)
 .debug_frame   0x00000000000002dc       0x20 c:/quartus_embebidos/Embebidos.Project2/software/alarm_bsp/\libhal_bsp.a(altera_avalon_jtag_uart_write.o)
 .debug_frame   0x00000000000002fc       0x20 c:/quartus_embebidos/Embebidos.Project2/software/alarm_bsp/\libhal_bsp.a(alt_dcache_flush_all.o)
 .debug_frame   0x000000000000031c       0x20 c:/quartus_embebidos/Embebidos.Project2/software/alarm_bsp/\libhal_bsp.a(alt_icache_flush_all.o)
 .debug_frame   0x000000000000033c       0x20 c:/quartus_embebidos/Embebidos.Project2/software/alarm_bsp/\libhal_bsp.a(altera_nios2_gen2_irq.o)
 .debug_frame   0x000000000000035c       0x20 c:/intelfpga_lite/20.1/nios2eds/bin/gnu/h-x86_64-mingw32/bin/../lib/gcc/nios2-elf/10.1.1/../../../../../H-x86_64-mingw32/nios2-elf/lib/mno-hw-mul\libsmallc.a(lib_a-memcpy.o)
 .debug_frame   0x000000000000037c       0x20 c:/intelfpga_lite/20.1/nios2eds/bin/gnu/h-x86_64-mingw32/bin/../lib/gcc/nios2-elf/10.1.1/../../../../../H-x86_64-mingw32/nios2-elf/lib/mno-hw-mul\libsmallc.a(lib_a-strlen.o)

.debug_str      0x0000000000000000      0xa2e
 *(.debug_str)
 .debug_str     0x0000000000000000       0x59 c:/quartus_embebidos/Embebidos.Project2/software/alarm_bsp//obj/HAL/src/crt0.o
 .debug_str     0x0000000000000059      0x363 obj/default/hello_world_small.o
                                        0x3c4 (size before relaxing)
 .debug_str     0x00000000000003bc      0x181 c:/intelfpga_lite/20.1/nios2eds/bin/gnu/h-x86_64-mingw32/bin/../lib/gcc/nios2-elf/10.1.1/mno-hw-mul\libgcc.a(lib2-divmod.o)
                                        0x1e0 (size before relaxing)
 .debug_str     0x000000000000053d      0x130 c:/quartus_embebidos/Embebidos.Project2/software/alarm_bsp/\libhal_bsp.a(alt_load.o)
                                        0x256 (size before relaxing)
 .debug_str     0x000000000000066d       0x5e c:/quartus_embebidos/Embebidos.Project2/software/alarm_bsp/\libhal_bsp.a(alt_main.o)
                                        0x186 (size before relaxing)
 .debug_str     0x00000000000006cb       0x59 c:/quartus_embebidos/Embebidos.Project2/software/alarm_bsp/\libhal_bsp.a(alt_printf.o)
                                        0x111 (size before relaxing)
 .debug_str     0x0000000000000724       0x59 c:/quartus_embebidos/Embebidos.Project2/software/alarm_bsp/\libhal_bsp.a(alt_putchar.o)
                                        0x188 (size before relaxing)
 .debug_str     0x000000000000077d       0x1c c:/quartus_embebidos/Embebidos.Project2/software/alarm_bsp/\libhal_bsp.a(alt_putstr.o)
                                        0x18d (size before relaxing)
 .debug_str     0x0000000000000799       0x6b c:/quartus_embebidos/Embebidos.Project2/software/alarm_bsp/\libhal_bsp.a(alt_sys_init.o)
                                        0x1cd (size before relaxing)
 .debug_str     0x0000000000000804       0x3f c:/quartus_embebidos/Embebidos.Project2/software/alarm_bsp/\libhal_bsp.a(altera_avalon_jtag_uart_write.o)
                                        0x1c3 (size before relaxing)
 .debug_str     0x0000000000000843       0x1f c:/quartus_embebidos/Embebidos.Project2/software/alarm_bsp/\libhal_bsp.a(alt_dcache_flush_all.o)
                                        0x157 (size before relaxing)
 .debug_str     0x0000000000000862       0x1f c:/quartus_embebidos/Embebidos.Project2/software/alarm_bsp/\libhal_bsp.a(alt_icache_flush_all.o)
                                        0x157 (size before relaxing)
 .debug_str     0x0000000000000881       0x20 c:/quartus_embebidos/Embebidos.Project2/software/alarm_bsp/\libhal_bsp.a(altera_nios2_gen2_irq.o)
                                        0x15e (size before relaxing)
 .debug_str     0x00000000000008a1      0x14e c:/intelfpga_lite/20.1/nios2eds/bin/gnu/h-x86_64-mingw32/bin/../lib/gcc/nios2-elf/10.1.1/../../../../../H-x86_64-mingw32/nios2-elf/lib/mno-hw-mul\libsmallc.a(lib_a-memcpy.o)
                                        0x1ea (size before relaxing)
 .debug_str     0x00000000000009ef       0x3f c:/intelfpga_lite/20.1/nios2eds/bin/gnu/h-x86_64-mingw32/bin/../lib/gcc/nios2-elf/10.1.1/../../../../../H-x86_64-mingw32/nios2-elf/lib/mno-hw-mul\libsmallc.a(lib_a-strlen.o)
                                        0x1dc (size before relaxing)

.debug_loc      0x0000000000000000     0x11c0
 *(.debug_loc)
 .debug_loc     0x0000000000000000      0x71d obj/default/hello_world_small.o
 .debug_loc     0x000000000000071d      0x5d0 c:/intelfpga_lite/20.1/nios2eds/bin/gnu/h-x86_64-mingw32/bin/../lib/gcc/nios2-elf/10.1.1/mno-hw-mul\libgcc.a(lib2-divmod.o)
 .debug_loc     0x0000000000000ced      0x23c c:/quartus_embebidos/Embebidos.Project2/software/alarm_bsp/\libhal_bsp.a(alt_printf.o)
 .debug_loc     0x0000000000000f29       0x32 c:/quartus_embebidos/Embebidos.Project2/software/alarm_bsp/\libhal_bsp.a(alt_putchar.o)
 .debug_loc     0x0000000000000f5b       0x3f c:/quartus_embebidos/Embebidos.Project2/software/alarm_bsp/\libhal_bsp.a(alt_putstr.o)
 .debug_loc     0x0000000000000f9a       0x25 c:/quartus_embebidos/Embebidos.Project2/software/alarm_bsp/\libhal_bsp.a(alt_sys_init.o)
 .debug_loc     0x0000000000000fbf       0x93 c:/quartus_embebidos/Embebidos.Project2/software/alarm_bsp/\libhal_bsp.a(altera_avalon_jtag_uart_write.o)
 .debug_loc     0x0000000000001052      0x12a c:/intelfpga_lite/20.1/nios2eds/bin/gnu/h-x86_64-mingw32/bin/../lib/gcc/nios2-elf/10.1.1/../../../../../H-x86_64-mingw32/nios2-elf/lib/mno-hw-mul\libsmallc.a(lib_a-memcpy.o)
 .debug_loc     0x000000000000117c       0x44 c:/intelfpga_lite/20.1/nios2eds/bin/gnu/h-x86_64-mingw32/bin/../lib/gcc/nios2-elf/10.1.1/../../../../../H-x86_64-mingw32/nios2-elf/lib/mno-hw-mul\libsmallc.a(lib_a-strlen.o)

.debug_macinfo
 *(.debug_macinfo)

.debug_weaknames
 *(.debug_weaknames)

.debug_funcnames
 *(.debug_funcnames)

.debug_typenames
 *(.debug_typenames)

.debug_varnames
 *(.debug_varnames)

.debug_alt_sim_info
                0x0000000000000000       0x10
 *(.debug_alt_sim_info)
 .debug_alt_sim_info
                0x0000000000000000       0x10 c:/quartus_embebidos/Embebidos.Project2/software/alarm_bsp//obj/HAL/src/crt0.o
                0x0000000000004000                __alt_data_end = 0x4000
                0x0000000000004000                PROVIDE (__alt_stack_pointer = __alt_data_end)
                [!provide]                        PROVIDE (__alt_stack_limit = __alt_stack_base)
                [!provide]                        PROVIDE (__alt_heap_start = end)
                [!provide]                        PROVIDE (__alt_heap_limit = 0x4000)
OUTPUT(alarm.elf elf32-littlenios2)
LOAD linker stubs

.debug_ranges   0x0000000000000000      0x1f8
 .debug_ranges  0x0000000000000000       0x20 c:/quartus_embebidos/Embebidos.Project2/software/alarm_bsp//obj/HAL/src/crt0.o
 .debug_ranges  0x0000000000000020       0xf8 obj/default/hello_world_small.o
 .debug_ranges  0x0000000000000118       0x70 c:/intelfpga_lite/20.1/nios2eds/bin/gnu/h-x86_64-mingw32/bin/../lib/gcc/nios2-elf/10.1.1/mno-hw-mul\libgcc.a(lib2-divmod.o)
 .debug_ranges  0x0000000000000188       0x30 c:/quartus_embebidos/Embebidos.Project2/software/alarm_bsp/\libhal_bsp.a(alt_load.o)
 .debug_ranges  0x00000000000001b8       0x20 c:/quartus_embebidos/Embebidos.Project2/software/alarm_bsp/\libhal_bsp.a(alt_printf.o)
 .debug_ranges  0x00000000000001d8       0x10 c:/intelfpga_lite/20.1/nios2eds/bin/gnu/h-x86_64-mingw32/bin/../lib/gcc/nios2-elf/10.1.1/../../../../../H-x86_64-mingw32/nios2-elf/lib/mno-hw-mul\libsmallc.a(lib_a-memcpy.o)
 .debug_ranges  0x00000000000001e8       0x10 c:/intelfpga_lite/20.1/nios2eds/bin/gnu/h-x86_64-mingw32/bin/../lib/gcc/nios2-elf/10.1.1/../../../../../H-x86_64-mingw32/nios2-elf/lib/mno-hw-mul\libsmallc.a(lib_a-strlen.o)
