Archive member included to satisfy reference by file (symbol)

c:/quartus_embebidos/cpu_basico/software/hello_world_bsp/\libhal_bsp.a(alt_load.o)
                              c:/quartus_embebidos/cpu_basico/software/hello_world_bsp//obj/HAL/src/crt0.o (alt_load)
c:/quartus_embebidos/cpu_basico/software/hello_world_bsp/\libhal_bsp.a(alt_main.o)
                              c:/quartus_embebidos/cpu_basico/software/hello_world_bsp//obj/HAL/src/crt0.o (alt_main)
c:/quartus_embebidos/cpu_basico/software/hello_world_bsp/\libhal_bsp.a(alt_putstr.o)
                              obj/default/hello_world_small.o (alt_putstr)
c:/quartus_embebidos/cpu_basico/software/hello_world_bsp/\libhal_bsp.a(alt_sys_init.o)
                              c:/quartus_embebidos/cpu_basico/software/hello_world_bsp/\libhal_bsp.a(alt_main.o) (alt_irq_init)
c:/quartus_embebidos/cpu_basico/software/hello_world_bsp/\libhal_bsp.a(altera_avalon_jtag_uart_write.o)
                              c:/quartus_embebidos/cpu_basico/software/hello_world_bsp/\libhal_bsp.a(alt_putstr.o) (altera_avalon_jtag_uart_write)
c:/quartus_embebidos/cpu_basico/software/hello_world_bsp/\libhal_bsp.a(alt_dcache_flush_all.o)
                              c:/quartus_embebidos/cpu_basico/software/hello_world_bsp/\libhal_bsp.a(alt_load.o) (alt_dcache_flush_all)
c:/quartus_embebidos/cpu_basico/software/hello_world_bsp/\libhal_bsp.a(alt_icache_flush_all.o)
                              c:/quartus_embebidos/cpu_basico/software/hello_world_bsp/\libhal_bsp.a(alt_load.o) (alt_icache_flush_all)
c:/quartus_embebidos/cpu_basico/software/hello_world_bsp/\libhal_bsp.a(altera_nios2_gen2_irq.o)
                              c:/quartus_embebidos/cpu_basico/software/hello_world_bsp/\libhal_bsp.a(alt_sys_init.o) (altera_nios2_gen2_irq_init)
c:/intelfpga_lite/20.1/nios2eds/bin/gnu/h-x86_64-mingw32/bin/../lib/gcc/nios2-elf/10.1.1/../../../../../H-x86_64-mingw32/nios2-elf/lib/mno-hw-mul\libsmallc.a(lib_a-memcpy.o)
                              c:/quartus_embebidos/cpu_basico/software/hello_world_bsp/\libhal_bsp.a(alt_load.o) (memcpy)
c:/intelfpga_lite/20.1/nios2eds/bin/gnu/h-x86_64-mingw32/bin/../lib/gcc/nios2-elf/10.1.1/../../../../../H-x86_64-mingw32/nios2-elf/lib/mno-hw-mul\libsmallc.a(lib_a-strlen.o)
                              c:/quartus_embebidos/cpu_basico/software/hello_world_bsp/\libhal_bsp.a(alt_putstr.o) (strlen)

Memory Configuration

Name             Origin             Length             Attributes
reset            0x0000000000001000 0x0000000000000020
RAM              0x0000000000001020 0x0000000000000fe0
*default*        0x0000000000000000 0xffffffffffffffff

Linker script and memory map

LOAD c:/quartus_embebidos/cpu_basico/software/hello_world_bsp//obj/HAL/src/crt0.o
LOAD obj/default/hello_world_small.o
LOAD c:/intelfpga_lite/20.1/nios2eds/bin/gnu/h-x86_64-mingw32/bin/../lib/gcc/nios2-elf/10.1.1/../../../../../H-x86_64-mingw32/nios2-elf/lib/mno-hw-mul\libstdc++.a
LOAD c:/intelfpga_lite/20.1/nios2eds/bin/gnu/h-x86_64-mingw32/bin/../lib/gcc/nios2-elf/10.1.1/../../../../../H-x86_64-mingw32/nios2-elf/lib/mno-hw-mul\libm.a
LOAD c:/intelfpga_lite/20.1/nios2eds/bin/gnu/h-x86_64-mingw32/bin/../lib/gcc/nios2-elf/10.1.1/mno-hw-mul\libgcc.a
START GROUP
LOAD c:/intelfpga_lite/20.1/nios2eds/bin/gnu/h-x86_64-mingw32/bin/../lib/gcc/nios2-elf/10.1.1/../../../../../H-x86_64-mingw32/nios2-elf/lib/mno-hw-mul\libsmallc.a
LOAD c:/intelfpga_lite/20.1/nios2eds/bin/gnu/h-x86_64-mingw32/bin/../lib/gcc/nios2-elf/10.1.1/mno-hw-mul\libgcc.a
LOAD c:/quartus_embebidos/cpu_basico/software/hello_world_bsp/\libhal_bsp.a
LOAD c:/intelfpga_lite/20.1/nios2eds/bin/gnu/h-x86_64-mingw32/bin/../lib/gcc/nios2-elf/10.1.1/../../../../../H-x86_64-mingw32/nios2-elf/lib/mno-hw-mul\libm.a
END GROUP
LOAD c:/intelfpga_lite/20.1/nios2eds/bin/gnu/h-x86_64-mingw32/bin/../lib/gcc/nios2-elf/10.1.1/mno-hw-mul\libgcc.a
                0x0000000000001000                __alt_mem_RAM = 0x1000

.entry          0x0000000000001000       0x20
 *(.entry)
 .entry         0x0000000000001000       0x20 c:/quartus_embebidos/cpu_basico/software/hello_world_bsp//obj/HAL/src/crt0.o
                0x0000000000001000                __reset
                0x000000000000100c                _exit

.exceptions     0x0000000000001020        0x0
                0x0000000000001020                PROVIDE (__ram_exceptions_start = ABSOLUTE (.))
                0x0000000000001020                . = ALIGN (0x20)
 *(.irq)
 *(.exceptions.entry.label)
 *(.exceptions.entry.user)
 *(.exceptions.entry.ecc_fatal)
 *(.exceptions.entry)
 *(.exceptions.irqtest.user)
 *(.exceptions.irqtest)
 *(.exceptions.irqhandler.user)
 *(.exceptions.irqhandler)
 *(.exceptions.irqreturn.user)
 *(.exceptions.irqreturn)
 *(.exceptions.notirq.label)
 *(.exceptions.notirq.user)
 *(.exceptions.notirq)
 *(.exceptions.soft.user)
 *(.exceptions.soft)
 *(.exceptions.unknown.user)
 *(.exceptions.unknown)
 *(.exceptions.exit.label)
 *(.exceptions.exit.user)
 *(.exceptions.exit)
 *(.exceptions)
                0x0000000000001020                PROVIDE (__ram_exceptions_end = ABSOLUTE (.))
                0x0000000000001020                PROVIDE (__flash_exceptions_start = LOADADDR (.exceptions))

.text           0x0000000000001020      0x1f4
                [!provide]                        PROVIDE (stext = ABSOLUTE (.))
 *(.interp)
 *(.hash)
 *(.dynsym)
 *(.dynstr)
 *(.gnu.version)
 *(.gnu.version_d)
 *(.gnu.version_r)
 *(.rel.init)
 *(.rela.init)
 *(.rel.text .rel.text.* .rel.gnu.linkonce.t.*)
 *(.rela.text .rela.text.* .rela.gnu.linkonce.t.*)
 *(.rel.fini)
 *(.rela.fini)
 *(.rel.rodata .rel.rodata.* .rel.gnu.linkonce.r.*)
 *(.rela.rodata .rela.rodata.* .rela.gnu.linkonce.r.*)
 *(.rel.data .rel.data.* .rel.gnu.linkonce.d.*)
 *(.rela.data .rela.data.* .rela.gnu.linkonce.d.*)
 *(.rel.tdata .rel.tdata.* .rel.gnu.linkonce.td.*)
 *(.rela.tdata .rela.tdata.* .rela.gnu.linkonce.td.*)
 *(.rel.tbss .rel.tbss.* .rel.gnu.linkonce.tb.*)
 *(.rela.tbss .rela.tbss.* .rela.gnu.linkonce.tb.*)
 *(.rel.ctors)
 *(.rela.ctors)
 *(.rel.dtors)
 *(.rela.dtors)
 *(.rel.got)
 *(.rela.got)
 *(.rel.sdata .rel.sdata.* .rel.gnu.linkonce.s.*)
 *(.rela.sdata .rela.sdata.* .rela.gnu.linkonce.s.*)
 *(.rel.sbss .rel.sbss.* .rel.gnu.linkonce.sb.*)
 *(.rela.sbss .rela.sbss.* .rela.gnu.linkonce.sb.*)
 *(.rel.sdata2 .rel.sdata2.* .rel.gnu.linkonce.s2.*)
 *(.rela.sdata2 .rela.sdata2.* .rela.gnu.linkonce.s2.*)
 *(.rel.sbss2 .rel.sbss2.* .rel.gnu.linkonce.sb2.*)
 *(.rela.sbss2 .rela.sbss2.* .rela.gnu.linkonce.sb2.*)
 *(.rel.bss .rel.bss.* .rel.gnu.linkonce.b.*)
 *(.rela.bss .rela.bss.* .rela.gnu.linkonce.b.*)
 *(.rel.plt)
 *(.rela.plt)
 *(.rel.dyn)
 *(.init)
 *(.plt)
 *(.text .stub .text.* .gnu.linkonce.t.*)
 .text          0x0000000000001020       0x3c c:/quartus_embebidos/cpu_basico/software/hello_world_bsp//obj/HAL/src/crt0.o
                0x0000000000001020                _start
 .text          0x000000000000105c        0x0 obj/default/hello_world_small.o
 .text.startup  0x000000000000105c       0x28 obj/default/hello_world_small.o
                0x000000000000105c                main
 .text          0x0000000000001084       0x84 c:/quartus_embebidos/cpu_basico/software/hello_world_bsp/\libhal_bsp.a(alt_load.o)
                0x0000000000001084                alt_load
 .text          0x0000000000001108       0x2c c:/quartus_embebidos/cpu_basico/software/hello_world_bsp/\libhal_bsp.a(alt_main.o)
                0x0000000000001108                alt_main
 .text          0x0000000000001134       0x38 c:/quartus_embebidos/cpu_basico/software/hello_world_bsp/\libhal_bsp.a(alt_putstr.o)
                0x0000000000001134                alt_putstr
 .text          0x000000000000116c       0x24 c:/quartus_embebidos/cpu_basico/software/hello_world_bsp/\libhal_bsp.a(alt_sys_init.o)
                0x000000000000116c                alt_irq_init
                0x000000000000118c                alt_sys_init
 .text          0x0000000000001190       0x30 c:/quartus_embebidos/cpu_basico/software/hello_world_bsp/\libhal_bsp.a(altera_avalon_jtag_uart_write.o)
                0x0000000000001190                altera_avalon_jtag_uart_write
 .text          0x00000000000011c0        0x4 c:/quartus_embebidos/cpu_basico/software/hello_world_bsp/\libhal_bsp.a(alt_dcache_flush_all.o)
                0x00000000000011c0                alt_dcache_flush_all
 .text          0x00000000000011c4        0x4 c:/quartus_embebidos/cpu_basico/software/hello_world_bsp/\libhal_bsp.a(alt_icache_flush_all.o)
                0x00000000000011c4                alt_icache_flush_all
 .text          0x00000000000011c8        0x8 c:/quartus_embebidos/cpu_basico/software/hello_world_bsp/\libhal_bsp.a(altera_nios2_gen2_irq.o)
                0x00000000000011c8                altera_nios2_gen2_irq_init
 .text          0x00000000000011d0        0x0 c:/intelfpga_lite/20.1/nios2eds/bin/gnu/h-x86_64-mingw32/bin/../lib/gcc/nios2-elf/10.1.1/../../../../../H-x86_64-mingw32/nios2-elf/lib/mno-hw-mul\libsmallc.a(lib_a-memcpy.o)
 .text.memcpy   0x00000000000011d0       0x28 c:/intelfpga_lite/20.1/nios2eds/bin/gnu/h-x86_64-mingw32/bin/../lib/gcc/nios2-elf/10.1.1/../../../../../H-x86_64-mingw32/nios2-elf/lib/mno-hw-mul\libsmallc.a(lib_a-memcpy.o)
                0x00000000000011d0                memcpy
 .text          0x00000000000011f8        0x0 c:/intelfpga_lite/20.1/nios2eds/bin/gnu/h-x86_64-mingw32/bin/../lib/gcc/nios2-elf/10.1.1/../../../../../H-x86_64-mingw32/nios2-elf/lib/mno-hw-mul\libsmallc.a(lib_a-strlen.o)
 .text.strlen   0x00000000000011f8       0x1c c:/intelfpga_lite/20.1/nios2eds/bin/gnu/h-x86_64-mingw32/bin/../lib/gcc/nios2-elf/10.1.1/../../../../../H-x86_64-mingw32/nios2-elf/lib/mno-hw-mul\libsmallc.a(lib_a-strlen.o)
                0x00000000000011f8                strlen
 *(.gnu.warning.*)
 *(.fini)
                [!provide]                        PROVIDE (__etext = ABSOLUTE (.))
                [!provide]                        PROVIDE (_etext = ABSOLUTE (.))
                [!provide]                        PROVIDE (etext = ABSOLUTE (.))
 *(.eh_frame_hdr)
                0x0000000000001214                . = ALIGN (0x4)
                [!provide]                        PROVIDE (__preinit_array_start = ABSOLUTE (.))
 *(.preinit_array)
                [!provide]                        PROVIDE (__preinit_array_end = ABSOLUTE (.))
                [!provide]                        PROVIDE (__init_array_start = ABSOLUTE (.))
 *(.init_array)
                [!provide]                        PROVIDE (__init_array_end = ABSOLUTE (.))
                [!provide]                        PROVIDE (__fini_array_start = ABSOLUTE (.))
 *(.fini_array)
                [!provide]                        PROVIDE (__fini_array_end = ABSOLUTE (.))
 *(.eh_frame)
 *(.gcc_except_table .gcc_except_table.*)
 *(.dynamic)
                [!provide]                        PROVIDE (__CTOR_LIST__ = ABSOLUTE (.))
 *(.ctors)
 *(SORT_BY_NAME(.ctors.*))
                [!provide]                        PROVIDE (__CTOR_END__ = ABSOLUTE (.))
                [!provide]                        PROVIDE (__DTOR_LIST__ = ABSOLUTE (.))
 *(.dtors)
 *(SORT_BY_NAME(.dtors.*))
                [!provide]                        PROVIDE (__DTOR_END__ = ABSOLUTE (.))
 *(.jcr)
                0x0000000000001214                . = ALIGN (0x4)

.rodata         0x0000000000001214       0x18
                0x0000000000001214                PROVIDE (__ram_rodata_start = ABSOLUTE (.))
                0x0000000000001214                . = ALIGN (0x4)
 *(.rodata .rodata.* .gnu.linkonce.r.*)
 .rodata.str1.4
                0x0000000000001214       0x15 obj/default/hello_world_small.o
 *(.rodata1)
                0x000000000000122c                . = ALIGN (0x4)
 *fill*         0x0000000000001229        0x3 
                0x000000000000122c                PROVIDE (__ram_rodata_end = ABSOLUTE (.))
                0x0000000000001214                PROVIDE (__flash_rodata_start = LOADADDR (.rodata))

.rwdata         0x000000000000122c        0x4 load address 0x0000000000001230
                0x000000000000122c                PROVIDE (__ram_rwdata_start = ABSOLUTE (.))
                0x000000000000122c                . = ALIGN (0x4)
 *(.got.plt)
 *(.got)
 *(.data1)
 *(.data .data.* .gnu.linkonce.d.*)
 .data          0x000000000000122c        0x0 c:/quartus_embebidos/cpu_basico/software/hello_world_bsp//obj/HAL/src/crt0.o
 .data          0x000000000000122c        0x0 obj/default/hello_world_small.o
 .data          0x000000000000122c        0x0 c:/quartus_embebidos/cpu_basico/software/hello_world_bsp/\libhal_bsp.a(alt_load.o)
 .data          0x000000000000122c        0x0 c:/quartus_embebidos/cpu_basico/software/hello_world_bsp/\libhal_bsp.a(alt_main.o)
 .data          0x000000000000122c        0x0 c:/quartus_embebidos/cpu_basico/software/hello_world_bsp/\libhal_bsp.a(alt_putstr.o)
 .data          0x000000000000122c        0x0 c:/quartus_embebidos/cpu_basico/software/hello_world_bsp/\libhal_bsp.a(alt_sys_init.o)
 .data          0x000000000000122c        0x0 c:/quartus_embebidos/cpu_basico/software/hello_world_bsp/\libhal_bsp.a(altera_avalon_jtag_uart_write.o)
 .data          0x000000000000122c        0x0 c:/quartus_embebidos/cpu_basico/software/hello_world_bsp/\libhal_bsp.a(alt_dcache_flush_all.o)
 .data          0x000000000000122c        0x0 c:/quartus_embebidos/cpu_basico/software/hello_world_bsp/\libhal_bsp.a(alt_icache_flush_all.o)
 .data          0x000000000000122c        0x0 c:/quartus_embebidos/cpu_basico/software/hello_world_bsp/\libhal_bsp.a(altera_nios2_gen2_irq.o)
 .data          0x000000000000122c        0x0 c:/intelfpga_lite/20.1/nios2eds/bin/gnu/h-x86_64-mingw32/bin/../lib/gcc/nios2-elf/10.1.1/../../../../../H-x86_64-mingw32/nios2-elf/lib/mno-hw-mul\libsmallc.a(lib_a-memcpy.o)
 .data          0x000000000000122c        0x0 c:/intelfpga_lite/20.1/nios2eds/bin/gnu/h-x86_64-mingw32/bin/../lib/gcc/nios2-elf/10.1.1/../../../../../H-x86_64-mingw32/nios2-elf/lib/mno-hw-mul\libsmallc.a(lib_a-strlen.o)
                0x000000000000922c                _gp = ABSOLUTE ((. + 0x8000))
                [!provide]                        PROVIDE (gp = _gp)
 *(.rwdata .rwdata.*)
 *(.sdata .sdata.* .gnu.linkonce.s.*)
 .sdata         0x000000000000122c        0x4 c:/quartus_embebidos/cpu_basico/software/hello_world_bsp/\libhal_bsp.a(alt_sys_init.o)
                0x000000000000122c                UART
 *(.sdata2 .sdata2.* .gnu.linkonce.s2.*)
                0x0000000000001230                . = ALIGN (0x4)
                0x0000000000001230                _edata = ABSOLUTE (.)
                [!provide]                        PROVIDE (edata = ABSOLUTE (.))
                0x0000000000001230                PROVIDE (__ram_rwdata_end = ABSOLUTE (.))
                0x0000000000001230                PROVIDE (__flash_rwdata_start = LOADADDR (.rwdata))

.bss            0x0000000000001234        0xc
                0x0000000000001234                __bss_start = ABSOLUTE (.)
                [!provide]                        PROVIDE (__sbss_start = ABSOLUTE (.))
                [!provide]                        PROVIDE (___sbss_start = ABSOLUTE (.))
 *(.dynsbss)
 *(.sbss .sbss.* .gnu.linkonce.sb.*)
 .sbss          0x0000000000001234        0xc c:/quartus_embebidos/cpu_basico/software/hello_world_bsp/\libhal_bsp.a(alt_main.o)
                0x0000000000001234                alt_envp
                0x0000000000001238                alt_argv
                0x000000000000123c                alt_argc
 *(.sbss2 .sbss2.* .gnu.linkonce.sb2.*)
 *(.scommon)
                [!provide]                        PROVIDE (__sbss_end = ABSOLUTE (.))
                [!provide]                        PROVIDE (___sbss_end = ABSOLUTE (.))
 *(.dynbss)
 *(.bss .bss.* .gnu.linkonce.b.*)
 .bss           0x0000000000001240        0x0 c:/quartus_embebidos/cpu_basico/software/hello_world_bsp//obj/HAL/src/crt0.o
 .bss           0x0000000000001240        0x0 obj/default/hello_world_small.o
 .bss           0x0000000000001240        0x0 c:/quartus_embebidos/cpu_basico/software/hello_world_bsp/\libhal_bsp.a(alt_load.o)
 .bss           0x0000000000001240        0x0 c:/quartus_embebidos/cpu_basico/software/hello_world_bsp/\libhal_bsp.a(alt_main.o)
 .bss           0x0000000000001240        0x0 c:/quartus_embebidos/cpu_basico/software/hello_world_bsp/\libhal_bsp.a(alt_putstr.o)
 .bss           0x0000000000001240        0x0 c:/quartus_embebidos/cpu_basico/software/hello_world_bsp/\libhal_bsp.a(alt_sys_init.o)
 .bss           0x0000000000001240        0x0 c:/quartus_embebidos/cpu_basico/software/hello_world_bsp/\libhal_bsp.a(altera_avalon_jtag_uart_write.o)
 .bss           0x0000000000001240        0x0 c:/quartus_embebidos/cpu_basico/software/hello_world_bsp/\libhal_bsp.a(alt_dcache_flush_all.o)
 .bss           0x0000000000001240        0x0 c:/quartus_embebidos/cpu_basico/software/hello_world_bsp/\libhal_bsp.a(alt_icache_flush_all.o)
 .bss           0x0000000000001240        0x0 c:/quartus_embebidos/cpu_basico/software/hello_world_bsp/\libhal_bsp.a(altera_nios2_gen2_irq.o)
 .bss           0x0000000000001240        0x0 c:/intelfpga_lite/20.1/nios2eds/bin/gnu/h-x86_64-mingw32/bin/../lib/gcc/nios2-elf/10.1.1/../../../../../H-x86_64-mingw32/nios2-elf/lib/mno-hw-mul\libsmallc.a(lib_a-memcpy.o)
 .bss           0x0000000000001240        0x0 c:/intelfpga_lite/20.1/nios2eds/bin/gnu/h-x86_64-mingw32/bin/../lib/gcc/nios2-elf/10.1.1/../../../../../H-x86_64-mingw32/nios2-elf/lib/mno-hw-mul\libsmallc.a(lib_a-strlen.o)
 *(COMMON)
                0x0000000000001240                . = ALIGN (0x4)
                0x0000000000001240                __bss_end = ABSOLUTE (.)

.RAM            0x0000000000001240        0x0
                [!provide]                        PROVIDE (_alt_partition_RAM_start = ABSOLUTE (.))
 *(.RAM .RAM. RAM.*)
                0x0000000000001240                . = ALIGN (0x4)
                [!provide]                        PROVIDE (_alt_partition_RAM_end = ABSOLUTE (.))
                0x0000000000001240                _end = ABSOLUTE (.)
                0x0000000000001240                end = ABSOLUTE (.)
                0x0000000000001240                __alt_stack_base = ABSOLUTE (.)
                [!provide]                        PROVIDE (_alt_partition_RAM_load_addr = LOADADDR (.RAM))

.stab
 *(.stab)

.stabstr
 *(.stabstr)

.stab.excl
 *(.stab.excl)

.stab.exclstr
 *(.stab.exclstr)

.stab.index
 *(.stab.index)

.stab.indexstr
 *(.stab.indexstr)

.comment        0x0000000000000000       0x2d
 *(.comment)
 .comment       0x0000000000000000       0x2d obj/default/hello_world_small.o
                                         0x2e (size before relaxing)
 .comment       0x000000000000002d       0x2e c:/quartus_embebidos/cpu_basico/software/hello_world_bsp/\libhal_bsp.a(alt_load.o)
 .comment       0x000000000000002d       0x2e c:/quartus_embebidos/cpu_basico/software/hello_world_bsp/\libhal_bsp.a(alt_main.o)
 .comment       0x000000000000002d       0x2e c:/quartus_embebidos/cpu_basico/software/hello_world_bsp/\libhal_bsp.a(alt_putstr.o)
 .comment       0x000000000000002d       0x2e c:/quartus_embebidos/cpu_basico/software/hello_world_bsp/\libhal_bsp.a(alt_sys_init.o)
 .comment       0x000000000000002d       0x2e c:/quartus_embebidos/cpu_basico/software/hello_world_bsp/\libhal_bsp.a(altera_avalon_jtag_uart_write.o)
 .comment       0x000000000000002d       0x2e c:/quartus_embebidos/cpu_basico/software/hello_world_bsp/\libhal_bsp.a(alt_dcache_flush_all.o)
 .comment       0x000000000000002d       0x2e c:/quartus_embebidos/cpu_basico/software/hello_world_bsp/\libhal_bsp.a(alt_icache_flush_all.o)
 .comment       0x000000000000002d       0x2e c:/quartus_embebidos/cpu_basico/software/hello_world_bsp/\libhal_bsp.a(altera_nios2_gen2_irq.o)
 .comment       0x000000000000002d       0x2e c:/intelfpga_lite/20.1/nios2eds/bin/gnu/h-x86_64-mingw32/bin/../lib/gcc/nios2-elf/10.1.1/../../../../../H-x86_64-mingw32/nios2-elf/lib/mno-hw-mul\libsmallc.a(lib_a-memcpy.o)
 .comment       0x000000000000002d       0x2e c:/intelfpga_lite/20.1/nios2eds/bin/gnu/h-x86_64-mingw32/bin/../lib/gcc/nios2-elf/10.1.1/../../../../../H-x86_64-mingw32/nios2-elf/lib/mno-hw-mul\libsmallc.a(lib_a-strlen.o)

.debug
 *(.debug)

.line
 *(.line)

.debug_srcinfo
 *(.debug_srcinfo)

.debug_sfnames
 *(.debug_sfnames)

.debug_aranges  0x0000000000000000      0x188
 *(.debug_aranges)
 .debug_aranges
                0x0000000000000000       0x28 c:/quartus_embebidos/cpu_basico/software/hello_world_bsp//obj/HAL/src/crt0.o
 .debug_aranges
                0x0000000000000028       0x20 obj/default/hello_world_small.o
 .debug_aranges
                0x0000000000000048       0x20 c:/quartus_embebidos/cpu_basico/software/hello_world_bsp/\libhal_bsp.a(alt_load.o)
 .debug_aranges
                0x0000000000000068       0x20 c:/quartus_embebidos/cpu_basico/software/hello_world_bsp/\libhal_bsp.a(alt_main.o)
 .debug_aranges
                0x0000000000000088       0x20 c:/quartus_embebidos/cpu_basico/software/hello_world_bsp/\libhal_bsp.a(alt_putstr.o)
 .debug_aranges
                0x00000000000000a8       0x20 c:/quartus_embebidos/cpu_basico/software/hello_world_bsp/\libhal_bsp.a(alt_sys_init.o)
 .debug_aranges
                0x00000000000000c8       0x20 c:/quartus_embebidos/cpu_basico/software/hello_world_bsp/\libhal_bsp.a(altera_avalon_jtag_uart_write.o)
 .debug_aranges
                0x00000000000000e8       0x20 c:/quartus_embebidos/cpu_basico/software/hello_world_bsp/\libhal_bsp.a(alt_dcache_flush_all.o)
 .debug_aranges
                0x0000000000000108       0x20 c:/quartus_embebidos/cpu_basico/software/hello_world_bsp/\libhal_bsp.a(alt_icache_flush_all.o)
 .debug_aranges
                0x0000000000000128       0x20 c:/quartus_embebidos/cpu_basico/software/hello_world_bsp/\libhal_bsp.a(altera_nios2_gen2_irq.o)
 .debug_aranges
                0x0000000000000148       0x20 c:/intelfpga_lite/20.1/nios2eds/bin/gnu/h-x86_64-mingw32/bin/../lib/gcc/nios2-elf/10.1.1/../../../../../H-x86_64-mingw32/nios2-elf/lib/mno-hw-mul\libsmallc.a(lib_a-memcpy.o)
 .debug_aranges
                0x0000000000000168       0x20 c:/intelfpga_lite/20.1/nios2eds/bin/gnu/h-x86_64-mingw32/bin/../lib/gcc/nios2-elf/10.1.1/../../../../../H-x86_64-mingw32/nios2-elf/lib/mno-hw-mul\libsmallc.a(lib_a-strlen.o)

.debug_pubnames
 *(.debug_pubnames)

.debug_info     0x0000000000000000      0xb7b
 *(.debug_info .gnu.linkonce.wi.*)
 .debug_info    0x0000000000000000       0x22 c:/quartus_embebidos/cpu_basico/software/hello_world_bsp//obj/HAL/src/crt0.o
 .debug_info    0x0000000000000022       0x87 obj/default/hello_world_small.o
 .debug_info    0x00000000000000a9      0x267 c:/quartus_embebidos/cpu_basico/software/hello_world_bsp/\libhal_bsp.a(alt_load.o)
 .debug_info    0x0000000000000310      0x129 c:/quartus_embebidos/cpu_basico/software/hello_world_bsp/\libhal_bsp.a(alt_main.o)
 .debug_info    0x0000000000000439      0x132 c:/quartus_embebidos/cpu_basico/software/hello_world_bsp/\libhal_bsp.a(alt_putstr.o)
 .debug_info    0x000000000000056b      0x12a c:/quartus_embebidos/cpu_basico/software/hello_world_bsp/\libhal_bsp.a(alt_sys_init.o)
 .debug_info    0x0000000000000695      0x14a c:/quartus_embebidos/cpu_basico/software/hello_world_bsp/\libhal_bsp.a(altera_avalon_jtag_uart_write.o)
 .debug_info    0x00000000000007df       0x8c c:/quartus_embebidos/cpu_basico/software/hello_world_bsp/\libhal_bsp.a(alt_dcache_flush_all.o)
 .debug_info    0x000000000000086b       0x8c c:/quartus_embebidos/cpu_basico/software/hello_world_bsp/\libhal_bsp.a(alt_icache_flush_all.o)
 .debug_info    0x00000000000008f7       0x8c c:/quartus_embebidos/cpu_basico/software/hello_world_bsp/\libhal_bsp.a(altera_nios2_gen2_irq.o)
 .debug_info    0x0000000000000983      0x128 c:/intelfpga_lite/20.1/nios2eds/bin/gnu/h-x86_64-mingw32/bin/../lib/gcc/nios2-elf/10.1.1/../../../../../H-x86_64-mingw32/nios2-elf/lib/mno-hw-mul\libsmallc.a(lib_a-memcpy.o)
 .debug_info    0x0000000000000aab       0xd0 c:/intelfpga_lite/20.1/nios2eds/bin/gnu/h-x86_64-mingw32/bin/../lib/gcc/nios2-elf/10.1.1/../../../../../H-x86_64-mingw32/nios2-elf/lib/mno-hw-mul\libsmallc.a(lib_a-strlen.o)

.debug_abbrev   0x0000000000000000      0x76e
 *(.debug_abbrev)
 .debug_abbrev  0x0000000000000000       0x12 c:/quartus_embebidos/cpu_basico/software/hello_world_bsp//obj/HAL/src/crt0.o
 .debug_abbrev  0x0000000000000012       0x91 obj/default/hello_world_small.o
 .debug_abbrev  0x00000000000000a3      0x125 c:/quartus_embebidos/cpu_basico/software/hello_world_bsp/\libhal_bsp.a(alt_load.o)
 .debug_abbrev  0x00000000000001c8       0xba c:/quartus_embebidos/cpu_basico/software/hello_world_bsp/\libhal_bsp.a(alt_main.o)
 .debug_abbrev  0x0000000000000282       0xe0 c:/quartus_embebidos/cpu_basico/software/hello_world_bsp/\libhal_bsp.a(alt_putstr.o)
 .debug_abbrev  0x0000000000000362      0x10b c:/quartus_embebidos/cpu_basico/software/hello_world_bsp/\libhal_bsp.a(alt_sys_init.o)
 .debug_abbrev  0x000000000000046d       0xea c:/quartus_embebidos/cpu_basico/software/hello_world_bsp/\libhal_bsp.a(altera_avalon_jtag_uart_write.o)
 .debug_abbrev  0x0000000000000557       0x44 c:/quartus_embebidos/cpu_basico/software/hello_world_bsp/\libhal_bsp.a(alt_dcache_flush_all.o)
 .debug_abbrev  0x000000000000059b       0x44 c:/quartus_embebidos/cpu_basico/software/hello_world_bsp/\libhal_bsp.a(alt_icache_flush_all.o)
 .debug_abbrev  0x00000000000005df       0x44 c:/quartus_embebidos/cpu_basico/software/hello_world_bsp/\libhal_bsp.a(altera_nios2_gen2_irq.o)
 .debug_abbrev  0x0000000000000623       0xbe c:/intelfpga_lite/20.1/nios2eds/bin/gnu/h-x86_64-mingw32/bin/../lib/gcc/nios2-elf/10.1.1/../../../../../H-x86_64-mingw32/nios2-elf/lib/mno-hw-mul\libsmallc.a(lib_a-memcpy.o)
 .debug_abbrev  0x00000000000006e1       0x8d c:/intelfpga_lite/20.1/nios2eds/bin/gnu/h-x86_64-mingw32/bin/../lib/gcc/nios2-elf/10.1.1/../../../../../H-x86_64-mingw32/nios2-elf/lib/mno-hw-mul\libsmallc.a(lib_a-strlen.o)

.debug_line     0x0000000000000000      0x993
 *(.debug_line)
 .debug_line    0x0000000000000000       0x66 c:/quartus_embebidos/cpu_basico/software/hello_world_bsp//obj/HAL/src/crt0.o
 .debug_line    0x0000000000000066       0xde obj/default/hello_world_small.o
 .debug_line    0x0000000000000144      0x101 c:/quartus_embebidos/cpu_basico/software/hello_world_bsp/\libhal_bsp.a(alt_load.o)
 .debug_line    0x0000000000000245       0xe0 c:/quartus_embebidos/cpu_basico/software/hello_world_bsp/\libhal_bsp.a(alt_main.o)
 .debug_line    0x0000000000000325       0xb9 c:/quartus_embebidos/cpu_basico/software/hello_world_bsp/\libhal_bsp.a(alt_putstr.o)
 .debug_line    0x00000000000003de       0xd7 c:/quartus_embebidos/cpu_basico/software/hello_world_bsp/\libhal_bsp.a(alt_sys_init.o)
 .debug_line    0x00000000000004b5       0xd6 c:/quartus_embebidos/cpu_basico/software/hello_world_bsp/\libhal_bsp.a(altera_avalon_jtag_uart_write.o)
 .debug_line    0x000000000000058b       0x53 c:/quartus_embebidos/cpu_basico/software/hello_world_bsp/\libhal_bsp.a(alt_dcache_flush_all.o)
 .debug_line    0x00000000000005de       0x51 c:/quartus_embebidos/cpu_basico/software/hello_world_bsp/\libhal_bsp.a(alt_icache_flush_all.o)
 .debug_line    0x000000000000062f       0x5a c:/quartus_embebidos/cpu_basico/software/hello_world_bsp/\libhal_bsp.a(altera_nios2_gen2_irq.o)
 .debug_line    0x0000000000000689      0x18d c:/intelfpga_lite/20.1/nios2eds/bin/gnu/h-x86_64-mingw32/bin/../lib/gcc/nios2-elf/10.1.1/../../../../../H-x86_64-mingw32/nios2-elf/lib/mno-hw-mul\libsmallc.a(lib_a-memcpy.o)
 .debug_line    0x0000000000000816      0x17d c:/intelfpga_lite/20.1/nios2eds/bin/gnu/h-x86_64-mingw32/bin/../lib/gcc/nios2-elf/10.1.1/../../../../../H-x86_64-mingw32/nios2-elf/lib/mno-hw-mul\libsmallc.a(lib_a-strlen.o)

.debug_frame    0x0000000000000000      0x1ac
 *(.debug_frame)
 .debug_frame   0x0000000000000000       0x28 obj/default/hello_world_small.o
 .debug_frame   0x0000000000000028       0x2c c:/quartus_embebidos/cpu_basico/software/hello_world_bsp/\libhal_bsp.a(alt_load.o)
 .debug_frame   0x0000000000000054       0x2c c:/quartus_embebidos/cpu_basico/software/hello_world_bsp/\libhal_bsp.a(alt_main.o)
 .debug_frame   0x0000000000000080       0x30 c:/quartus_embebidos/cpu_basico/software/hello_world_bsp/\libhal_bsp.a(alt_putstr.o)
 .debug_frame   0x00000000000000b0       0x3c c:/quartus_embebidos/cpu_basico/software/hello_world_bsp/\libhal_bsp.a(alt_sys_init.o)
 .debug_frame   0x00000000000000ec       0x20 c:/quartus_embebidos/cpu_basico/software/hello_world_bsp/\libhal_bsp.a(altera_avalon_jtag_uart_write.o)
 .debug_frame   0x000000000000010c       0x20 c:/quartus_embebidos/cpu_basico/software/hello_world_bsp/\libhal_bsp.a(alt_dcache_flush_all.o)
 .debug_frame   0x000000000000012c       0x20 c:/quartus_embebidos/cpu_basico/software/hello_world_bsp/\libhal_bsp.a(alt_icache_flush_all.o)
 .debug_frame   0x000000000000014c       0x20 c:/quartus_embebidos/cpu_basico/software/hello_world_bsp/\libhal_bsp.a(altera_nios2_gen2_irq.o)
 .debug_frame   0x000000000000016c       0x20 c:/intelfpga_lite/20.1/nios2eds/bin/gnu/h-x86_64-mingw32/bin/../lib/gcc/nios2-elf/10.1.1/../../../../../H-x86_64-mingw32/nios2-elf/lib/mno-hw-mul\libsmallc.a(lib_a-memcpy.o)
 .debug_frame   0x000000000000018c       0x20 c:/intelfpga_lite/20.1/nios2eds/bin/gnu/h-x86_64-mingw32/bin/../lib/gcc/nios2-elf/10.1.1/../../../../../H-x86_64-mingw32/nios2-elf/lib/mno-hw-mul\libsmallc.a(lib_a-strlen.o)

.debug_str      0x0000000000000000      0x5e0
 *(.debug_str)
 .debug_str     0x0000000000000000       0x57 c:/quartus_embebidos/cpu_basico/software/hello_world_bsp//obj/HAL/src/crt0.o
 .debug_str     0x0000000000000057       0xbd obj/default/hello_world_small.o
                                         0xc2 (size before relaxing)
 .debug_str     0x0000000000000114      0x17a c:/quartus_embebidos/cpu_basico/software/hello_world_bsp/\libhal_bsp.a(alt_load.o)
                                        0x254 (size before relaxing)
 .debug_str     0x000000000000028e       0x5e c:/quartus_embebidos/cpu_basico/software/hello_world_bsp/\libhal_bsp.a(alt_main.o)
                                        0x184 (size before relaxing)
 .debug_str     0x00000000000002ec       0x5f c:/quartus_embebidos/cpu_basico/software/hello_world_bsp/\libhal_bsp.a(alt_putstr.o)
                                        0x18b (size before relaxing)
 .debug_str     0x000000000000034b       0x6b c:/quartus_embebidos/cpu_basico/software/hello_world_bsp/\libhal_bsp.a(alt_sys_init.o)
                                        0x1cb (size before relaxing)
 .debug_str     0x00000000000003b6       0x3f c:/quartus_embebidos/cpu_basico/software/hello_world_bsp/\libhal_bsp.a(altera_avalon_jtag_uart_write.o)
                                        0x1c1 (size before relaxing)
 .debug_str     0x00000000000003f5       0x1f c:/quartus_embebidos/cpu_basico/software/hello_world_bsp/\libhal_bsp.a(alt_dcache_flush_all.o)
                                        0x155 (size before relaxing)
 .debug_str     0x0000000000000414       0x1f c:/quartus_embebidos/cpu_basico/software/hello_world_bsp/\libhal_bsp.a(alt_icache_flush_all.o)
                                        0x155 (size before relaxing)
 .debug_str     0x0000000000000433       0x20 c:/quartus_embebidos/cpu_basico/software/hello_world_bsp/\libhal_bsp.a(altera_nios2_gen2_irq.o)
                                        0x15c (size before relaxing)
 .debug_str     0x0000000000000453      0x14e c:/intelfpga_lite/20.1/nios2eds/bin/gnu/h-x86_64-mingw32/bin/../lib/gcc/nios2-elf/10.1.1/../../../../../H-x86_64-mingw32/nios2-elf/lib/mno-hw-mul\libsmallc.a(lib_a-memcpy.o)
                                        0x1ea (size before relaxing)
 .debug_str     0x00000000000005a1       0x3f c:/intelfpga_lite/20.1/nios2eds/bin/gnu/h-x86_64-mingw32/bin/../lib/gcc/nios2-elf/10.1.1/../../../../../H-x86_64-mingw32/nios2-elf/lib/mno-hw-mul\libsmallc.a(lib_a-strlen.o)
                                        0x1dc (size before relaxing)

.debug_loc      0x0000000000000000      0x265
 *(.debug_loc)
 .debug_loc     0x0000000000000000       0x3f c:/quartus_embebidos/cpu_basico/software/hello_world_bsp/\libhal_bsp.a(alt_putstr.o)
 .debug_loc     0x000000000000003f       0x25 c:/quartus_embebidos/cpu_basico/software/hello_world_bsp/\libhal_bsp.a(alt_sys_init.o)
 .debug_loc     0x0000000000000064       0x93 c:/quartus_embebidos/cpu_basico/software/hello_world_bsp/\libhal_bsp.a(altera_avalon_jtag_uart_write.o)
 .debug_loc     0x00000000000000f7      0x12a c:/intelfpga_lite/20.1/nios2eds/bin/gnu/h-x86_64-mingw32/bin/../lib/gcc/nios2-elf/10.1.1/../../../../../H-x86_64-mingw32/nios2-elf/lib/mno-hw-mul\libsmallc.a(lib_a-memcpy.o)
 .debug_loc     0x0000000000000221       0x44 c:/intelfpga_lite/20.1/nios2eds/bin/gnu/h-x86_64-mingw32/bin/../lib/gcc/nios2-elf/10.1.1/../../../../../H-x86_64-mingw32/nios2-elf/lib/mno-hw-mul\libsmallc.a(lib_a-strlen.o)

.debug_macinfo
 *(.debug_macinfo)

.debug_weaknames
 *(.debug_weaknames)

.debug_funcnames
 *(.debug_funcnames)

.debug_typenames
 *(.debug_typenames)

.debug_varnames
 *(.debug_varnames)

.debug_alt_sim_info
                0x0000000000000000       0x10
 *(.debug_alt_sim_info)
 .debug_alt_sim_info
                0x0000000000000000       0x10 c:/quartus_embebidos/cpu_basico/software/hello_world_bsp//obj/HAL/src/crt0.o
                0x0000000000002000                __alt_data_end = 0x2000
                0x0000000000002000                PROVIDE (__alt_stack_pointer = __alt_data_end)
                [!provide]                        PROVIDE (__alt_stack_limit = __alt_stack_base)
                [!provide]                        PROVIDE (__alt_heap_start = end)
                [!provide]                        PROVIDE (__alt_heap_limit = 0x2000)
OUTPUT(hello_world.elf elf32-littlenios2)
LOAD linker stubs

.debug_ranges   0x0000000000000000       0x80
 .debug_ranges  0x0000000000000000       0x20 c:/quartus_embebidos/cpu_basico/software/hello_world_bsp//obj/HAL/src/crt0.o
 .debug_ranges  0x0000000000000020       0x10 obj/default/hello_world_small.o
 .debug_ranges  0x0000000000000030       0x30 c:/quartus_embebidos/cpu_basico/software/hello_world_bsp/\libhal_bsp.a(alt_load.o)
 .debug_ranges  0x0000000000000060       0x10 c:/intelfpga_lite/20.1/nios2eds/bin/gnu/h-x86_64-mingw32/bin/../lib/gcc/nios2-elf/10.1.1/../../../../../H-x86_64-mingw32/nios2-elf/lib/mno-hw-mul\libsmallc.a(lib_a-memcpy.o)
 .debug_ranges  0x0000000000000070       0x10 c:/intelfpga_lite/20.1/nios2eds/bin/gnu/h-x86_64-mingw32/bin/../lib/gcc/nios2-elf/10.1.1/../../../../../H-x86_64-mingw32/nios2-elf/lib/mno-hw-mul\libsmallc.a(lib_a-strlen.o)
