Archive member included to satisfy reference by file (symbol)

c:/intelfpga_lite/18.1/nios2eds/bin/gnu/h-x86_64-mingw32/bin/../lib/gcc/nios2-elf/5.3.0/mno-hw-mul\libgcc.a(lib2-divmod.o)
                              obj/default/hello_world_small.o (__udivsi3)
../alarm_clk_bsp/\libhal_bsp.a(alt_load.o)
                              ../alarm_clk_bsp//obj/HAL/src/crt0.o (alt_load)
../alarm_clk_bsp/\libhal_bsp.a(alt_main.o)
                              ../alarm_clk_bsp//obj/HAL/src/crt0.o (alt_main)
../alarm_clk_bsp/\libhal_bsp.a(alt_printf.o)
                              obj/default/hello_world_small.o (alt_printf)
../alarm_clk_bsp/\libhal_bsp.a(alt_putchar.o)
                              ../alarm_clk_bsp/\libhal_bsp.a(alt_printf.o) (alt_putchar)
../alarm_clk_bsp/\libhal_bsp.a(alt_putstr.o)
                              obj/default/hello_world_small.o (alt_putstr)
../alarm_clk_bsp/\libhal_bsp.a(alt_sys_init.o)
                              ../alarm_clk_bsp/\libhal_bsp.a(alt_main.o) (alt_irq_init)
../alarm_clk_bsp/\libhal_bsp.a(altera_avalon_jtag_uart_write.o)
                              ../alarm_clk_bsp/\libhal_bsp.a(alt_putchar.o) (altera_avalon_jtag_uart_write)
../alarm_clk_bsp/\libhal_bsp.a(alt_dcache_flush_all.o)
                              ../alarm_clk_bsp/\libhal_bsp.a(alt_load.o) (alt_dcache_flush_all)
../alarm_clk_bsp/\libhal_bsp.a(alt_icache_flush_all.o)
                              ../alarm_clk_bsp/\libhal_bsp.a(alt_load.o) (alt_icache_flush_all)
../alarm_clk_bsp/\libhal_bsp.a(altera_nios2_gen2_irq.o)
                              ../alarm_clk_bsp/\libhal_bsp.a(alt_sys_init.o) (altera_nios2_gen2_irq_init)
c:/intelfpga_lite/18.1/nios2eds/bin/gnu/h-x86_64-mingw32/bin/../lib/gcc/nios2-elf/5.3.0/../../../../../H-x86_64-mingw32/nios2-elf/lib/mno-hw-mul\libsmallc.a(lib_a-strlen.o)
                              ../alarm_clk_bsp/\libhal_bsp.a(alt_putstr.o) (strlen)

Allocating common symbols
Common symbol       size              file

alt_irq             0x100             obj/default/hello_world_small.o

Memory Configuration

Name             Origin             Length             Attributes
reset            0x0000000000002000 0x0000000000000020
RAM              0x0000000000002020 0x0000000000001fe0
*default*        0x0000000000000000 0xffffffffffffffff

Linker script and memory map

LOAD ../alarm_clk_bsp//obj/HAL/src/crt0.o
LOAD obj/default/hello_world_small.o
LOAD c:/intelfpga_lite/18.1/nios2eds/bin/gnu/h-x86_64-mingw32/bin/../lib/gcc/nios2-elf/5.3.0/../../../../../H-x86_64-mingw32/nios2-elf/lib/mno-hw-mul\libstdc++.a
LOAD c:/intelfpga_lite/18.1/nios2eds/bin/gnu/h-x86_64-mingw32/bin/../lib/gcc/nios2-elf/5.3.0/../../../../../H-x86_64-mingw32/nios2-elf/lib/mno-hw-mul\libm.a
LOAD c:/intelfpga_lite/18.1/nios2eds/bin/gnu/h-x86_64-mingw32/bin/../lib/gcc/nios2-elf/5.3.0/mno-hw-mul\libgcc.a
START GROUP
LOAD c:/intelfpga_lite/18.1/nios2eds/bin/gnu/h-x86_64-mingw32/bin/../lib/gcc/nios2-elf/5.3.0/../../../../../H-x86_64-mingw32/nios2-elf/lib/mno-hw-mul\libsmallc.a
LOAD c:/intelfpga_lite/18.1/nios2eds/bin/gnu/h-x86_64-mingw32/bin/../lib/gcc/nios2-elf/5.3.0/mno-hw-mul\libgcc.a
LOAD ../alarm_clk_bsp/\libhal_bsp.a
LOAD c:/intelfpga_lite/18.1/nios2eds/bin/gnu/h-x86_64-mingw32/bin/../lib/gcc/nios2-elf/5.3.0/../../../../../H-x86_64-mingw32/nios2-elf/lib/mno-hw-mul\libm.a
END GROUP
LOAD c:/intelfpga_lite/18.1/nios2eds/bin/gnu/h-x86_64-mingw32/bin/../lib/gcc/nios2-elf/5.3.0/mno-hw-mul\libgcc.a
                0x0000000000002000                __alt_mem_RAM = 0x2000

.entry          0x0000000000002000       0x20
 *(.entry)
 .entry         0x0000000000002000       0x20 ../alarm_clk_bsp//obj/HAL/src/crt0.o
                0x0000000000002000                __reset
                0x000000000000200c                _exit

.exceptions     0x0000000000002020      0x114
                0x0000000000002020                PROVIDE (__ram_exceptions_start, ABSOLUTE (.))
                0x0000000000002020                . = ALIGN (0x20)
 *(.irq)
 *(.exceptions.entry.label)
 *(.exceptions.entry.user)
 *(.exceptions.entry.ecc_fatal)
 *(.exceptions.entry)
 *(.exceptions.irqtest.user)
 *(.exceptions.irqtest)
 *(.exceptions.irqhandler.user)
 *(.exceptions.irqhandler)
 *(.exceptions.irqreturn.user)
 *(.exceptions.irqreturn)
 *(.exceptions.notirq.label)
 *(.exceptions.notirq.user)
 *(.exceptions.notirq)
 *(.exceptions.soft.user)
 *(.exceptions.soft)
 *(.exceptions.unknown.user)
 *(.exceptions.unknown)
 *(.exceptions.exit.label)
 *(.exceptions.exit.user)
 *(.exceptions.exit)
 *(.exceptions)
 .exceptions    0x0000000000002020      0x114 obj/default/hello_world_small.o
                0x0000000000002020                the_exception
                0x0000000000002134                PROVIDE (__ram_exceptions_end, ABSOLUTE (.))
                0x0000000000002020                PROVIDE (__flash_exceptions_start, LOADADDR (.exceptions))

.text           0x0000000000002134      0xd40
                [!provide]                        PROVIDE (stext, ABSOLUTE (.))
 *(.interp)
 *(.hash)
 *(.dynsym)
 *(.dynstr)
 *(.gnu.version)
 *(.gnu.version_d)
 *(.gnu.version_r)
 *(.rel.init)
 *(.rela.init)
 *(.rel.text .rel.text.* .rel.gnu.linkonce.t.*)
 *(.rela.text .rela.text.* .rela.gnu.linkonce.t.*)
 *(.rel.fini)
 *(.rela.fini)
 *(.rel.rodata .rel.rodata.* .rel.gnu.linkonce.r.*)
 *(.rela.rodata .rela.rodata.* .rela.gnu.linkonce.r.*)
 *(.rel.data .rel.data.* .rel.gnu.linkonce.d.*)
 *(.rela.data .rela.data.* .rela.gnu.linkonce.d.*)
 *(.rel.tdata .rel.tdata.* .rel.gnu.linkonce.td.*)
 *(.rela.tdata .rela.tdata.* .rela.gnu.linkonce.td.*)
 *(.rel.tbss .rel.tbss.* .rel.gnu.linkonce.tb.*)
 *(.rela.tbss .rela.tbss.* .rela.gnu.linkonce.tb.*)
 *(.rel.ctors)
 *(.rela.ctors)
 *(.rel.dtors)
 *(.rela.dtors)
 *(.rel.got)
 *(.rela.got)
 *(.rel.sdata .rel.sdata.* .rel.gnu.linkonce.s.*)
 *(.rela.sdata .rela.sdata.* .rela.gnu.linkonce.s.*)
 *(.rel.sbss .rel.sbss.* .rel.gnu.linkonce.sb.*)
 *(.rela.sbss .rela.sbss.* .rela.gnu.linkonce.sb.*)
 *(.rel.sdata2 .rel.sdata2.* .rel.gnu.linkonce.s2.*)
 *(.rela.sdata2 .rela.sdata2.* .rela.gnu.linkonce.s2.*)
 *(.rel.sbss2 .rel.sbss2.* .rel.gnu.linkonce.sb2.*)
 *(.rela.sbss2 .rela.sbss2.* .rela.gnu.linkonce.sb2.*)
 *(.rel.bss .rel.bss.* .rel.gnu.linkonce.b.*)
 *(.rela.bss .rela.bss.* .rela.gnu.linkonce.b.*)
 *(.rel.plt)
 *(.rela.plt)
 *(.rel.dyn)
 *(.init)
 *(.plt)
 *(.text .stub .text.* .gnu.linkonce.t.*)
 .text          0x0000000000002134       0x3c ../alarm_clk_bsp//obj/HAL/src/crt0.o
                0x0000000000002134                _start
 .text          0x0000000000002170      0x414 obj/default/hello_world_small.o
                0x0000000000002170                irq_handler
                0x00000000000021d0                alt_irq_register
                0x0000000000002264                set_value
                0x0000000000002310                add_second
                0x0000000000002370                display_hour
                0x0000000000002548                init_values
 .text.startup  0x0000000000002584      0x3bc obj/default/hello_world_small.o
                0x0000000000002584                main
 .text          0x0000000000002940      0x1b4 c:/intelfpga_lite/18.1/nios2eds/bin/gnu/h-x86_64-mingw32/bin/../lib/gcc/nios2-elf/5.3.0/mno-hw-mul\libgcc.a(lib2-divmod.o)
                0x0000000000002940                __divsi3
                0x00000000000029c4                __modsi3
                0x0000000000002a38                __udivsi3
                0x0000000000002a9c                __umodsi3
 .text          0x0000000000002af4       0xe0 ../alarm_clk_bsp/\libhal_bsp.a(alt_load.o)
                0x0000000000002af4                alt_load
 .text          0x0000000000002bd4       0x2c ../alarm_clk_bsp/\libhal_bsp.a(alt_main.o)
                0x0000000000002bd4                alt_main
 .text          0x0000000000002c00      0x170 ../alarm_clk_bsp/\libhal_bsp.a(alt_printf.o)
                0x0000000000002c00                alt_printf
 .text          0x0000000000002d70       0x48 ../alarm_clk_bsp/\libhal_bsp.a(alt_putchar.o)
                0x0000000000002d70                alt_putchar
 .text          0x0000000000002db8       0x38 ../alarm_clk_bsp/\libhal_bsp.a(alt_putstr.o)
                0x0000000000002db8                alt_putstr
 .text          0x0000000000002df0       0x24 ../alarm_clk_bsp/\libhal_bsp.a(alt_sys_init.o)
                0x0000000000002df0                alt_irq_init
                0x0000000000002e10                alt_sys_init
 .text          0x0000000000002e14       0x34 ../alarm_clk_bsp/\libhal_bsp.a(altera_avalon_jtag_uart_write.o)
                0x0000000000002e14                altera_avalon_jtag_uart_write
 .text          0x0000000000002e48        0x4 ../alarm_clk_bsp/\libhal_bsp.a(alt_dcache_flush_all.o)
                0x0000000000002e48                alt_dcache_flush_all
 .text          0x0000000000002e4c        0x4 ../alarm_clk_bsp/\libhal_bsp.a(alt_icache_flush_all.o)
                0x0000000000002e4c                alt_icache_flush_all
 .text          0x0000000000002e50        0x8 ../alarm_clk_bsp/\libhal_bsp.a(altera_nios2_gen2_irq.o)
                0x0000000000002e50                altera_nios2_gen2_irq_init
 .text          0x0000000000002e58        0x0 c:/intelfpga_lite/18.1/nios2eds/bin/gnu/h-x86_64-mingw32/bin/../lib/gcc/nios2-elf/5.3.0/../../../../../H-x86_64-mingw32/nios2-elf/lib/mno-hw-mul\libsmallc.a(lib_a-strlen.o)
 .text.strlen   0x0000000000002e58       0x1c c:/intelfpga_lite/18.1/nios2eds/bin/gnu/h-x86_64-mingw32/bin/../lib/gcc/nios2-elf/5.3.0/../../../../../H-x86_64-mingw32/nios2-elf/lib/mno-hw-mul\libsmallc.a(lib_a-strlen.o)
                0x0000000000002e58                strlen
 *(.gnu.warning.*)
 *(.fini)
                [!provide]                        PROVIDE (__etext, ABSOLUTE (.))
                [!provide]                        PROVIDE (_etext, ABSOLUTE (.))
                [!provide]                        PROVIDE (etext, ABSOLUTE (.))
 *(.eh_frame_hdr)
                0x0000000000002e74                . = ALIGN (0x4)
                [!provide]                        PROVIDE (__preinit_array_start, ABSOLUTE (.))
 *(.preinit_array)
                [!provide]                        PROVIDE (__preinit_array_end, ABSOLUTE (.))
                [!provide]                        PROVIDE (__init_array_start, ABSOLUTE (.))
 *(.init_array)
                [!provide]                        PROVIDE (__init_array_end, ABSOLUTE (.))
                [!provide]                        PROVIDE (__fini_array_start, ABSOLUTE (.))
 *(.fini_array)
                [!provide]                        PROVIDE (__fini_array_end, ABSOLUTE (.))
 *(.eh_frame)
 *(.gcc_except_table .gcc_except_table.*)
 *(.dynamic)
                [!provide]                        PROVIDE (__CTOR_LIST__, ABSOLUTE (.))
 *(.ctors)
 *(SORT(.ctors.*))
                [!provide]                        PROVIDE (__CTOR_END__, ABSOLUTE (.))
                [!provide]                        PROVIDE (__DTOR_LIST__, ABSOLUTE (.))
 *(.dtors)
 *(SORT(.dtors.*))
                [!provide]                        PROVIDE (__DTOR_END__, ABSOLUTE (.))
 *(.jcr)
                0x0000000000002e74                . = ALIGN (0x4)

.rodata         0x0000000000002e74       0x90
                0x0000000000002e74                PROVIDE (__ram_rodata_start, ABSOLUTE (.))
                0x0000000000002e74                . = ALIGN (0x4)
 *(.rodata .rodata.* .gnu.linkonce.r.*)
 .rodata.str1.4
                0x0000000000002e74       0x90 obj/default/hello_world_small.o
                                         0x8f (size before relaxing)
 *(.rodata1)
                0x0000000000002f04                . = ALIGN (0x4)
                0x0000000000002f04                PROVIDE (__ram_rodata_end, ABSOLUTE (.))
                0x0000000000002e74                PROVIDE (__flash_rodata_start, LOADADDR (.rodata))

.rwdata         0x0000000000002f04       0x3c load address 0x0000000000002f40
                0x0000000000002f04                PROVIDE (__ram_rwdata_start, ABSOLUTE (.))
                0x0000000000002f04                . = ALIGN (0x4)
 *(.got.plt)
 *(.got)
 *(.data1)
 *(.data .data.* .gnu.linkonce.d.*)
 .data          0x0000000000002f04        0x0 ../alarm_clk_bsp//obj/HAL/src/crt0.o
 .data          0x0000000000002f04        0x0 obj/default/hello_world_small.o
 .data          0x0000000000002f04        0x0 c:/intelfpga_lite/18.1/nios2eds/bin/gnu/h-x86_64-mingw32/bin/../lib/gcc/nios2-elf/5.3.0/mno-hw-mul\libgcc.a(lib2-divmod.o)
 .data          0x0000000000002f04        0x0 ../alarm_clk_bsp/\libhal_bsp.a(alt_load.o)
 .data          0x0000000000002f04        0x0 ../alarm_clk_bsp/\libhal_bsp.a(alt_main.o)
 .data          0x0000000000002f04        0x0 ../alarm_clk_bsp/\libhal_bsp.a(alt_printf.o)
 .data          0x0000000000002f04        0x0 ../alarm_clk_bsp/\libhal_bsp.a(alt_putchar.o)
 .data          0x0000000000002f04        0x0 ../alarm_clk_bsp/\libhal_bsp.a(alt_putstr.o)
 .data          0x0000000000002f04        0x0 ../alarm_clk_bsp/\libhal_bsp.a(alt_sys_init.o)
 .data          0x0000000000002f04        0x0 ../alarm_clk_bsp/\libhal_bsp.a(altera_avalon_jtag_uart_write.o)
 .data          0x0000000000002f04        0x0 ../alarm_clk_bsp/\libhal_bsp.a(alt_dcache_flush_all.o)
 .data          0x0000000000002f04        0x0 ../alarm_clk_bsp/\libhal_bsp.a(alt_icache_flush_all.o)
 .data          0x0000000000002f04        0x0 ../alarm_clk_bsp/\libhal_bsp.a(altera_nios2_gen2_irq.o)
 .data          0x0000000000002f04        0x0 c:/intelfpga_lite/18.1/nios2eds/bin/gnu/h-x86_64-mingw32/bin/../lib/gcc/nios2-elf/5.3.0/../../../../../H-x86_64-mingw32/nios2-elf/lib/mno-hw-mul\libsmallc.a(lib_a-strlen.o)
                0x000000000000af04                _gp = ABSOLUTE ((. + 0x8000))
                [!provide]                        PROVIDE (gp, _gp)
 *(.rwdata .rwdata.*)
 *(.sdata .sdata.* .gnu.linkonce.s.*)
 .sdata         0x0000000000002f04       0x38 obj/default/hello_world_small.o
                0x0000000000002f04                first
                0x0000000000002f06                time_unit_sel
                0x0000000000002f08                timer_base_ptr
                0x0000000000002f0c                alarm_ptr
                0x0000000000002f10                swc_alarm
                0x0000000000002f14                swc_sel
                0x0000000000002f18                down_ptr
                0x0000000000002f1c                up_ptr
                0x0000000000002f20                set_clock
                0x0000000000002f24                s0_ptr
                0x0000000000002f28                s1_ptr
                0x0000000000002f2c                m0_ptr
                0x0000000000002f30                m1_ptr
                0x0000000000002f34                h0_ptr
                0x0000000000002f38                h1_ptr
 .sdata         0x0000000000002f3c        0x4 ../alarm_clk_bsp/\libhal_bsp.a(alt_sys_init.o)
                0x0000000000002f3c                UART
 *(.sdata2 .sdata2.* .gnu.linkonce.s2.*)
                0x0000000000002f40                . = ALIGN (0x4)
                0x0000000000002f40                _edata = ABSOLUTE (.)
                [!provide]                        PROVIDE (edata, ABSOLUTE (.))
                0x0000000000002f40                PROVIDE (__ram_rwdata_end, ABSOLUTE (.))
                0x0000000000002f40                PROVIDE (__flash_rwdata_start, LOADADDR (.rwdata))

.bss            0x0000000000002f7c      0x124
                0x0000000000002f7c                __bss_start = ABSOLUTE (.)
                [!provide]                        PROVIDE (__sbss_start, ABSOLUTE (.))
                [!provide]                        PROVIDE (___sbss_start, ABSOLUTE (.))
 *(.dynsbss)
 *(.sbss .sbss.* .gnu.linkonce.sb.*)
 .sbss          0x0000000000002f7c       0x18 obj/default/hello_world_small.o
                0x0000000000002f7c                button_pressed
                0x0000000000002f7d                set_pressed
                0x0000000000002f7e                down_pressed
                0x0000000000002f7f                up_pressed
                0x0000000000002f80                ud_buttons_en
                0x0000000000002f81                irqtimer_stall
                0x0000000000002f82                is_activated
                0x0000000000002f84                hour
                0x0000000000002f8a                alarm
                0x0000000000002f90                alt_irq_active
 .sbss          0x0000000000002f94        0xc ../alarm_clk_bsp/\libhal_bsp.a(alt_main.o)
                0x0000000000002f94                alt_envp
                0x0000000000002f98                alt_argv
                0x0000000000002f9c                alt_argc
 *(.sbss2 .sbss2.* .gnu.linkonce.sb2.*)
 *(.scommon)
                [!provide]                        PROVIDE (__sbss_end, ABSOLUTE (.))
                [!provide]                        PROVIDE (___sbss_end, ABSOLUTE (.))
 *(.dynbss)
 *(.bss .bss.* .gnu.linkonce.b.*)
 .bss           0x0000000000002fa0        0x0 ../alarm_clk_bsp//obj/HAL/src/crt0.o
 .bss           0x0000000000002fa0        0x0 obj/default/hello_world_small.o
 .bss           0x0000000000002fa0        0x0 c:/intelfpga_lite/18.1/nios2eds/bin/gnu/h-x86_64-mingw32/bin/../lib/gcc/nios2-elf/5.3.0/mno-hw-mul\libgcc.a(lib2-divmod.o)
 .bss           0x0000000000002fa0        0x0 ../alarm_clk_bsp/\libhal_bsp.a(alt_load.o)
 .bss           0x0000000000002fa0        0x0 ../alarm_clk_bsp/\libhal_bsp.a(alt_main.o)
 .bss           0x0000000000002fa0        0x0 ../alarm_clk_bsp/\libhal_bsp.a(alt_printf.o)
 .bss           0x0000000000002fa0        0x0 ../alarm_clk_bsp/\libhal_bsp.a(alt_putchar.o)
 .bss           0x0000000000002fa0        0x0 ../alarm_clk_bsp/\libhal_bsp.a(alt_putstr.o)
 .bss           0x0000000000002fa0        0x0 ../alarm_clk_bsp/\libhal_bsp.a(alt_sys_init.o)
 .bss           0x0000000000002fa0        0x0 ../alarm_clk_bsp/\libhal_bsp.a(altera_avalon_jtag_uart_write.o)
 .bss           0x0000000000002fa0        0x0 ../alarm_clk_bsp/\libhal_bsp.a(alt_dcache_flush_all.o)
 .bss           0x0000000000002fa0        0x0 ../alarm_clk_bsp/\libhal_bsp.a(alt_icache_flush_all.o)
 .bss           0x0000000000002fa0        0x0 ../alarm_clk_bsp/\libhal_bsp.a(altera_nios2_gen2_irq.o)
 .bss           0x0000000000002fa0        0x0 c:/intelfpga_lite/18.1/nios2eds/bin/gnu/h-x86_64-mingw32/bin/../lib/gcc/nios2-elf/5.3.0/../../../../../H-x86_64-mingw32/nios2-elf/lib/mno-hw-mul\libsmallc.a(lib_a-strlen.o)
 *(COMMON)
 COMMON         0x0000000000002fa0      0x100 obj/default/hello_world_small.o
                0x0000000000002fa0                alt_irq
                0x00000000000030a0                . = ALIGN (0x4)
                0x00000000000030a0                __bss_end = ABSOLUTE (.)

.RAM            0x00000000000030a0        0x0
                [!provide]                        PROVIDE (_alt_partition_RAM_start, ABSOLUTE (.))
 *(.RAM .RAM. RAM.*)
                0x00000000000030a0                . = ALIGN (0x4)
                [!provide]                        PROVIDE (_alt_partition_RAM_end, ABSOLUTE (.))
                0x00000000000030a0                _end = ABSOLUTE (.)
                0x00000000000030a0                end = ABSOLUTE (.)
                0x00000000000030a0                __alt_stack_base = ABSOLUTE (.)
                [!provide]                        PROVIDE (_alt_partition_RAM_load_addr, LOADADDR (.RAM))

.stab
 *(.stab)

.stabstr
 *(.stabstr)

.stab.excl
 *(.stab.excl)

.stab.exclstr
 *(.stab.exclstr)

.stab.index
 *(.stab.index)

.stab.indexstr
 *(.stab.indexstr)

.comment        0x0000000000000000       0x23
 *(.comment)
 .comment       0x0000000000000000       0x23 obj/default/hello_world_small.o
                                         0x24 (size before relaxing)
 .comment       0x0000000000000023       0x24 c:/intelfpga_lite/18.1/nios2eds/bin/gnu/h-x86_64-mingw32/bin/../lib/gcc/nios2-elf/5.3.0/mno-hw-mul\libgcc.a(lib2-divmod.o)
 .comment       0x0000000000000023       0x24 ../alarm_clk_bsp/\libhal_bsp.a(alt_load.o)
 .comment       0x0000000000000023       0x24 ../alarm_clk_bsp/\libhal_bsp.a(alt_main.o)
 .comment       0x0000000000000023       0x24 ../alarm_clk_bsp/\libhal_bsp.a(alt_printf.o)
 .comment       0x0000000000000023       0x24 ../alarm_clk_bsp/\libhal_bsp.a(alt_putchar.o)
 .comment       0x0000000000000023       0x24 ../alarm_clk_bsp/\libhal_bsp.a(alt_putstr.o)
 .comment       0x0000000000000023       0x24 ../alarm_clk_bsp/\libhal_bsp.a(alt_sys_init.o)
 .comment       0x0000000000000023       0x24 ../alarm_clk_bsp/\libhal_bsp.a(altera_avalon_jtag_uart_write.o)
 .comment       0x0000000000000023       0x24 ../alarm_clk_bsp/\libhal_bsp.a(alt_dcache_flush_all.o)
 .comment       0x0000000000000023       0x24 ../alarm_clk_bsp/\libhal_bsp.a(alt_icache_flush_all.o)
 .comment       0x0000000000000023       0x24 ../alarm_clk_bsp/\libhal_bsp.a(altera_nios2_gen2_irq.o)
 .comment       0x0000000000000023       0x24 c:/intelfpga_lite/18.1/nios2eds/bin/gnu/h-x86_64-mingw32/bin/../lib/gcc/nios2-elf/5.3.0/../../../../../H-x86_64-mingw32/nios2-elf/lib/mno-hw-mul\libsmallc.a(lib_a-strlen.o)

.debug
 *(.debug)

.line
 *(.line)

.debug_srcinfo
 *(.debug_srcinfo)

.debug_sfnames
 *(.debug_sfnames)

.debug_aranges  0x0000000000000000      0x1d8
 *(.debug_aranges)
 .debug_aranges
                0x0000000000000000       0x28 ../alarm_clk_bsp//obj/HAL/src/crt0.o
 .debug_aranges
                0x0000000000000028       0x30 obj/default/hello_world_small.o
 .debug_aranges
                0x0000000000000058       0x20 c:/intelfpga_lite/18.1/nios2eds/bin/gnu/h-x86_64-mingw32/bin/../lib/gcc/nios2-elf/5.3.0/mno-hw-mul\libgcc.a(lib2-divmod.o)
 .debug_aranges
                0x0000000000000078       0x20 ../alarm_clk_bsp/\libhal_bsp.a(alt_load.o)
 .debug_aranges
                0x0000000000000098       0x20 ../alarm_clk_bsp/\libhal_bsp.a(alt_main.o)
 .debug_aranges
                0x00000000000000b8       0x20 ../alarm_clk_bsp/\libhal_bsp.a(alt_printf.o)
 .debug_aranges
                0x00000000000000d8       0x20 ../alarm_clk_bsp/\libhal_bsp.a(alt_putchar.o)
 .debug_aranges
                0x00000000000000f8       0x20 ../alarm_clk_bsp/\libhal_bsp.a(alt_putstr.o)
 .debug_aranges
                0x0000000000000118       0x20 ../alarm_clk_bsp/\libhal_bsp.a(alt_sys_init.o)
 .debug_aranges
                0x0000000000000138       0x20 ../alarm_clk_bsp/\libhal_bsp.a(altera_avalon_jtag_uart_write.o)
 .debug_aranges
                0x0000000000000158       0x20 ../alarm_clk_bsp/\libhal_bsp.a(alt_dcache_flush_all.o)
 .debug_aranges
                0x0000000000000178       0x20 ../alarm_clk_bsp/\libhal_bsp.a(alt_icache_flush_all.o)
 .debug_aranges
                0x0000000000000198       0x20 ../alarm_clk_bsp/\libhal_bsp.a(altera_nios2_gen2_irq.o)
 .debug_aranges
                0x00000000000001b8       0x20 c:/intelfpga_lite/18.1/nios2eds/bin/gnu/h-x86_64-mingw32/bin/../lib/gcc/nios2-elf/5.3.0/../../../../../H-x86_64-mingw32/nios2-elf/lib/mno-hw-mul\libsmallc.a(lib_a-strlen.o)

.debug_pubnames
 *(.debug_pubnames)

.debug_info     0x0000000000000000     0x1aec
 *(.debug_info .gnu.linkonce.wi.*)
 .debug_info    0x0000000000000000       0x6b ../alarm_clk_bsp//obj/HAL/src/crt0.o
 .debug_info    0x000000000000006b      0xb25 obj/default/hello_world_small.o
 .debug_info    0x0000000000000b90      0x2c6 c:/intelfpga_lite/18.1/nios2eds/bin/gnu/h-x86_64-mingw32/bin/../lib/gcc/nios2-elf/5.3.0/mno-hw-mul\libgcc.a(lib2-divmod.o)
 .debug_info    0x0000000000000e56      0x1c9 ../alarm_clk_bsp/\libhal_bsp.a(alt_load.o)
 .debug_info    0x000000000000101f      0x169 ../alarm_clk_bsp/\libhal_bsp.a(alt_main.o)
 .debug_info    0x0000000000001188      0x14d ../alarm_clk_bsp/\libhal_bsp.a(alt_printf.o)
 .debug_info    0x00000000000012d5      0x12a ../alarm_clk_bsp/\libhal_bsp.a(alt_putchar.o)
 .debug_info    0x00000000000013ff      0x13a ../alarm_clk_bsp/\libhal_bsp.a(alt_putstr.o)
 .debug_info    0x0000000000001539      0x19d ../alarm_clk_bsp/\libhal_bsp.a(alt_sys_init.o)
 .debug_info    0x00000000000016d6      0x197 ../alarm_clk_bsp/\libhal_bsp.a(altera_avalon_jtag_uart_write.o)
 .debug_info    0x000000000000186d       0x92 ../alarm_clk_bsp/\libhal_bsp.a(alt_dcache_flush_all.o)
 .debug_info    0x00000000000018ff       0x92 ../alarm_clk_bsp/\libhal_bsp.a(alt_icache_flush_all.o)
 .debug_info    0x0000000000001991       0x92 ../alarm_clk_bsp/\libhal_bsp.a(altera_nios2_gen2_irq.o)
 .debug_info    0x0000000000001a23       0xc9 c:/intelfpga_lite/18.1/nios2eds/bin/gnu/h-x86_64-mingw32/bin/../lib/gcc/nios2-elf/5.3.0/../../../../../H-x86_64-mingw32/nios2-elf/lib/mno-hw-mul\libsmallc.a(lib_a-strlen.o)

.debug_abbrev   0x0000000000000000      0xbc8
 *(.debug_abbrev)
 .debug_abbrev  0x0000000000000000       0x12 ../alarm_clk_bsp//obj/HAL/src/crt0.o
 .debug_abbrev  0x0000000000000012      0x340 obj/default/hello_world_small.o
 .debug_abbrev  0x0000000000000352      0x10e c:/intelfpga_lite/18.1/nios2eds/bin/gnu/h-x86_64-mingw32/bin/../lib/gcc/nios2-elf/5.3.0/mno-hw-mul\libgcc.a(lib2-divmod.o)
 .debug_abbrev  0x0000000000000460       0xd8 ../alarm_clk_bsp/\libhal_bsp.a(alt_load.o)
 .debug_abbrev  0x0000000000000538       0xee ../alarm_clk_bsp/\libhal_bsp.a(alt_main.o)
 .debug_abbrev  0x0000000000000626       0xd5 ../alarm_clk_bsp/\libhal_bsp.a(alt_printf.o)
 .debug_abbrev  0x00000000000006fb       0xd2 ../alarm_clk_bsp/\libhal_bsp.a(alt_putchar.o)
 .debug_abbrev  0x00000000000007cd       0xd3 ../alarm_clk_bsp/\libhal_bsp.a(alt_putstr.o)
 .debug_abbrev  0x00000000000008a0      0x10e ../alarm_clk_bsp/\libhal_bsp.a(alt_sys_init.o)
 .debug_abbrev  0x00000000000009ae       0xd5 ../alarm_clk_bsp/\libhal_bsp.a(altera_avalon_jtag_uart_write.o)
 .debug_abbrev  0x0000000000000a83       0x42 ../alarm_clk_bsp/\libhal_bsp.a(alt_dcache_flush_all.o)
 .debug_abbrev  0x0000000000000ac5       0x42 ../alarm_clk_bsp/\libhal_bsp.a(alt_icache_flush_all.o)
 .debug_abbrev  0x0000000000000b07       0x42 ../alarm_clk_bsp/\libhal_bsp.a(altera_nios2_gen2_irq.o)
 .debug_abbrev  0x0000000000000b49       0x7f c:/intelfpga_lite/18.1/nios2eds/bin/gnu/h-x86_64-mingw32/bin/../lib/gcc/nios2-elf/5.3.0/../../../../../H-x86_64-mingw32/nios2-elf/lib/mno-hw-mul\libsmallc.a(lib_a-strlen.o)

.debug_line     0x0000000000000000      0xba1
 *(.debug_line)
 .debug_line    0x0000000000000000       0x66 ../alarm_clk_bsp//obj/HAL/src/crt0.o
 .debug_line    0x0000000000000066      0x27c obj/default/hello_world_small.o
 .debug_line    0x00000000000002e2      0x105 c:/intelfpga_lite/18.1/nios2eds/bin/gnu/h-x86_64-mingw32/bin/../lib/gcc/nios2-elf/5.3.0/mno-hw-mul\libgcc.a(lib2-divmod.o)
 .debug_line    0x00000000000003e7       0xa4 ../alarm_clk_bsp/\libhal_bsp.a(alt_load.o)
 .debug_line    0x000000000000048b       0xbd ../alarm_clk_bsp/\libhal_bsp.a(alt_main.o)
 .debug_line    0x0000000000000548      0x112 ../alarm_clk_bsp/\libhal_bsp.a(alt_printf.o)
 .debug_line    0x000000000000065a       0x55 ../alarm_clk_bsp/\libhal_bsp.a(alt_putchar.o)
 .debug_line    0x00000000000006af       0xa0 ../alarm_clk_bsp/\libhal_bsp.a(alt_putstr.o)
 .debug_line    0x000000000000074f      0x11a ../alarm_clk_bsp/\libhal_bsp.a(alt_sys_init.o)
 .debug_line    0x0000000000000869       0xf0 ../alarm_clk_bsp/\libhal_bsp.a(altera_avalon_jtag_uart_write.o)
 .debug_line    0x0000000000000959       0x4e ../alarm_clk_bsp/\libhal_bsp.a(alt_dcache_flush_all.o)
 .debug_line    0x00000000000009a7       0x4e ../alarm_clk_bsp/\libhal_bsp.a(alt_icache_flush_all.o)
 .debug_line    0x00000000000009f5       0x50 ../alarm_clk_bsp/\libhal_bsp.a(altera_nios2_gen2_irq.o)
 .debug_line    0x0000000000000a45      0x15c c:/intelfpga_lite/18.1/nios2eds/bin/gnu/h-x86_64-mingw32/bin/../lib/gcc/nios2-elf/5.3.0/../../../../../H-x86_64-mingw32/nios2-elf/lib/mno-hw-mul\libsmallc.a(lib_a-strlen.o)

.debug_frame    0x0000000000000000      0x31c
 *(.debug_frame)
 .debug_frame   0x0000000000000000       0xe0 obj/default/hello_world_small.o
 .debug_frame   0x00000000000000e0       0x50 c:/intelfpga_lite/18.1/nios2eds/bin/gnu/h-x86_64-mingw32/bin/../lib/gcc/nios2-elf/5.3.0/mno-hw-mul\libgcc.a(lib2-divmod.o)
 .debug_frame   0x0000000000000130       0x30 ../alarm_clk_bsp/\libhal_bsp.a(alt_load.o)
 .debug_frame   0x0000000000000160       0x2c ../alarm_clk_bsp/\libhal_bsp.a(alt_main.o)
 .debug_frame   0x000000000000018c       0x54 ../alarm_clk_bsp/\libhal_bsp.a(alt_printf.o)
 .debug_frame   0x00000000000001e0       0x30 ../alarm_clk_bsp/\libhal_bsp.a(alt_putchar.o)
 .debug_frame   0x0000000000000210       0x30 ../alarm_clk_bsp/\libhal_bsp.a(alt_putstr.o)
 .debug_frame   0x0000000000000240       0x3c ../alarm_clk_bsp/\libhal_bsp.a(alt_sys_init.o)
 .debug_frame   0x000000000000027c       0x20 ../alarm_clk_bsp/\libhal_bsp.a(altera_avalon_jtag_uart_write.o)
 .debug_frame   0x000000000000029c       0x20 ../alarm_clk_bsp/\libhal_bsp.a(alt_dcache_flush_all.o)
 .debug_frame   0x00000000000002bc       0x20 ../alarm_clk_bsp/\libhal_bsp.a(alt_icache_flush_all.o)
 .debug_frame   0x00000000000002dc       0x20 ../alarm_clk_bsp/\libhal_bsp.a(altera_nios2_gen2_irq.o)
 .debug_frame   0x00000000000002fc       0x20 c:/intelfpga_lite/18.1/nios2eds/bin/gnu/h-x86_64-mingw32/bin/../lib/gcc/nios2-elf/5.3.0/../../../../../H-x86_64-mingw32/nios2-elf/lib/mno-hw-mul\libsmallc.a(lib_a-strlen.o)

.debug_str      0x0000000000000000      0xa06
 *(.debug_str)
 .debug_str     0x0000000000000000      0x33c obj/default/hello_world_small.o
                                        0x390 (size before relaxing)
 .debug_str     0x000000000000033c      0x187 c:/intelfpga_lite/18.1/nios2eds/bin/gnu/h-x86_64-mingw32/bin/../lib/gcc/nios2-elf/5.3.0/mno-hw-mul\libgcc.a(lib2-divmod.o)
                                        0x1d2 (size before relaxing)
 .debug_str     0x00000000000004c3      0x156 ../alarm_clk_bsp/\libhal_bsp.a(alt_load.o)
                                        0x239 (size before relaxing)
 .debug_str     0x0000000000000619       0x8f ../alarm_clk_bsp/\libhal_bsp.a(alt_main.o)
                                        0x1b2 (size before relaxing)
 .debug_str     0x00000000000006a8       0x59 ../alarm_clk_bsp/\libhal_bsp.a(alt_printf.o)
                                        0x103 (size before relaxing)
 .debug_str     0x0000000000000701       0x59 ../alarm_clk_bsp/\libhal_bsp.a(alt_putchar.o)
                                        0x183 (size before relaxing)
 .debug_str     0x000000000000075a       0x1c ../alarm_clk_bsp/\libhal_bsp.a(alt_putstr.o)
                                        0x188 (size before relaxing)
 .debug_str     0x0000000000000776       0xb9 ../alarm_clk_bsp/\libhal_bsp.a(alt_sys_init.o)
                                        0x254 (size before relaxing)
 .debug_str     0x000000000000082f       0x3f ../alarm_clk_bsp/\libhal_bsp.a(altera_avalon_jtag_uart_write.o)
                                        0x212 (size before relaxing)
 .debug_str     0x000000000000086e       0x1f ../alarm_clk_bsp/\libhal_bsp.a(alt_dcache_flush_all.o)
                                        0x152 (size before relaxing)
 .debug_str     0x000000000000088d       0x1f ../alarm_clk_bsp/\libhal_bsp.a(alt_icache_flush_all.o)
                                        0x152 (size before relaxing)
 .debug_str     0x00000000000008ac       0x20 ../alarm_clk_bsp/\libhal_bsp.a(altera_nios2_gen2_irq.o)
                                        0x159 (size before relaxing)
 .debug_str     0x00000000000008cc      0x13a c:/intelfpga_lite/18.1/nios2eds/bin/gnu/h-x86_64-mingw32/bin/../lib/gcc/nios2-elf/5.3.0/../../../../../H-x86_64-mingw32/nios2-elf/lib/mno-hw-mul\libsmallc.a(lib_a-strlen.o)
                                        0x1e5 (size before relaxing)

.debug_loc      0x0000000000000000      0xa77
 *(.debug_loc)
 .debug_loc     0x0000000000000000      0x29e obj/default/hello_world_small.o
 .debug_loc     0x000000000000029e      0x4ce c:/intelfpga_lite/18.1/nios2eds/bin/gnu/h-x86_64-mingw32/bin/../lib/gcc/nios2-elf/5.3.0/mno-hw-mul\libgcc.a(lib2-divmod.o)
 .debug_loc     0x000000000000076c      0x1de ../alarm_clk_bsp/\libhal_bsp.a(alt_printf.o)
 .debug_loc     0x000000000000094a       0x2c ../alarm_clk_bsp/\libhal_bsp.a(alt_putchar.o)
 .debug_loc     0x0000000000000976       0x37 ../alarm_clk_bsp/\libhal_bsp.a(alt_putstr.o)
 .debug_loc     0x00000000000009ad       0x21 ../alarm_clk_bsp/\libhal_bsp.a(alt_sys_init.o)
 .debug_loc     0x00000000000009ce       0x8b ../alarm_clk_bsp/\libhal_bsp.a(altera_avalon_jtag_uart_write.o)
 .debug_loc     0x0000000000000a59       0x1e c:/intelfpga_lite/18.1/nios2eds/bin/gnu/h-x86_64-mingw32/bin/../lib/gcc/nios2-elf/5.3.0/../../../../../H-x86_64-mingw32/nios2-elf/lib/mno-hw-mul\libsmallc.a(lib_a-strlen.o)

.debug_macinfo
 *(.debug_macinfo)

.debug_weaknames
 *(.debug_weaknames)

.debug_funcnames
 *(.debug_funcnames)

.debug_typenames
 *(.debug_typenames)

.debug_varnames
 *(.debug_varnames)

.debug_alt_sim_info
                0x0000000000000000       0x10
 *(.debug_alt_sim_info)
 .debug_alt_sim_info
                0x0000000000000000       0x10 ../alarm_clk_bsp//obj/HAL/src/crt0.o
                0x0000000000004000                __alt_data_end = 0x4000
                0x0000000000004000                PROVIDE (__alt_stack_pointer, __alt_data_end)
                [!provide]                        PROVIDE (__alt_stack_limit, __alt_stack_base)
                [!provide]                        PROVIDE (__alt_heap_start, end)
                [!provide]                        PROVIDE (__alt_heap_limit, 0x4000)
OUTPUT(alarm_clk.elf elf32-littlenios2)

.debug_ranges   0x0000000000000000      0x110
 .debug_ranges  0x0000000000000000       0x20 ../alarm_clk_bsp//obj/HAL/src/crt0.o
 .debug_ranges  0x0000000000000020       0x20 obj/default/hello_world_small.o
 .debug_ranges  0x0000000000000040       0x60 c:/intelfpga_lite/18.1/nios2eds/bin/gnu/h-x86_64-mingw32/bin/../lib/gcc/nios2-elf/5.3.0/mno-hw-mul\libgcc.a(lib2-divmod.o)
 .debug_ranges  0x00000000000000a0       0x48 ../alarm_clk_bsp/\libhal_bsp.a(alt_load.o)
 .debug_ranges  0x00000000000000e8       0x18 ../alarm_clk_bsp/\libhal_bsp.a(alt_printf.o)
 .debug_ranges  0x0000000000000100       0x10 c:/intelfpga_lite/18.1/nios2eds/bin/gnu/h-x86_64-mingw32/bin/../lib/gcc/nios2-elf/5.3.0/../../../../../H-x86_64-mingw32/nios2-elf/lib/mno-hw-mul\libsmallc.a(lib_a-strlen.o)
